Archive member included to satisfy reference by file (symbol)

/n64_toolchain/mips64-elf/lib/libdragon.a(entrypoint.o)
                              (_start)
/n64_toolchain/mips64-elf/lib/libdragon.a(debug.o)
                              /n64_toolchain/mips64-elf/lib/libdragon.a(entrypoint.o) (debug_assert_func)
/n64_toolchain/mips64-elf/lib/libdragon.a(usb.o)
                              /n64_toolchain/mips64-elf/lib/libdragon.a(debug.o) (usb_initialize)
/n64_toolchain/mips64-elf/lib/libdragon.a(ff.o)
                              /n64_toolchain/mips64-elf/lib/libdragon.a(debug.o) (f_mount)
/n64_toolchain/mips64-elf/lib/libdragon.a(ffunicode.o)
                              /n64_toolchain/mips64-elf/lib/libdragon.a(ff.o) (ff_uni2oem)
/n64_toolchain/mips64-elf/lib/libdragon.a(console.o)
                              /n64_toolchain/mips64-elf/lib/libdragon.a(debug.o) (console_set_render_mode)
/n64_toolchain/mips64-elf/lib/libdragon.a(graphics.o)
                              /n64_toolchain/mips64-elf/lib/libdragon.a(console.o) (graphics_set_color)
/n64_toolchain/mips64-elf/lib/libdragon.a(dma.o)
                              /n64_toolchain/mips64-elf/lib/libdragon.a(debug.o) (dma_write_raw_async)
/n64_toolchain/mips64-elf/lib/libdragon.a(do_ctors.o)
                              /n64_toolchain/mips64-elf/lib/libdragon.a(entrypoint.o) (__wrap___do_global_ctors)
/n64_toolchain/mips64-elf/lib/libdragon.a(n64sys.o)
                              /n64_toolchain/mips64-elf/lib/libdragon.a(debug.o) (sys_bbplayer)
/n64_toolchain/mips64-elf/lib/libdragon.a(interrupt.o)
                              /n64_toolchain/mips64-elf/lib/libdragon.a(usb.o) (disable_interrupts)
/n64_toolchain/mips64-elf/lib/libdragon.a(inthandler.o)
                              /n64_toolchain/mips64-elf/lib/libdragon.a(entrypoint.o) (inthandler)
/n64_toolchain/mips64-elf/lib/libdragon.a(display.o)
                              /n64_toolchain/mips64-elf/lib/libdragon.a(graphics.o) (__safe_buffer)
/n64_toolchain/mips64-elf/lib/libdragon.a(exception.o)
                              /n64_toolchain/mips64-elf/lib/libdragon.a(inthandler.o) (__onCriticalException)
/n64_toolchain/mips64-elf/lib/libdragonsys.a(system.o)
                              /n64_toolchain/mips64-elf/lib/libdragon.a(debug.o) (attach_filesystem)
/n64_toolchain/lib/gcc/mips64-elf/12.1.0/../../../../mips64-elf/lib/libdragon.a(dragonfs.o)
                              build/main.o (dfs_open)
/n64_toolchain/lib/gcc/mips64-elf/12.1.0/../../../../mips64-elf/lib/libdragon.a(controller.o)
                              build/main.o (controller_init)
/n64_toolchain/lib/gcc/mips64-elf/12.1.0/../../../../mips64-elf/lib/libdragon.a(rdp.o)
                              build/main.o (rdp_init)
/n64_toolchain/lib/gcc/mips64-elf/12.1.0/../../../../mips64-elf/lib/libdragon.a(timer.o)
                              build/main.o (timer_init)
/n64_toolchain/lib/gcc/mips64-elf/12.1.0/../../../../mips64-elf/lib/libdragon.a(joybus.o)
                              /n64_toolchain/lib/gcc/mips64-elf/12.1.0/../../../../mips64-elf/lib/libdragon.a(controller.o) (joybus_exec_async)
/n64_toolchain/lib/gcc/mips64-elf/12.1.0/../../../../mips64-elf/lib/libc.a(lib_a-abort.o)
                              /n64_toolchain/mips64-elf/lib/libdragon.a(debug.o) (abort)
/n64_toolchain/lib/gcc/mips64-elf/12.1.0/../../../../mips64-elf/lib/libc.a(lib_a-fflush.o)
                              /n64_toolchain/mips64-elf/lib/libdragon.a(console.o) (fflush)
/n64_toolchain/lib/gcc/mips64-elf/12.1.0/../../../../mips64-elf/lib/libc.a(lib_a-findfp.o)
                              /n64_toolchain/lib/gcc/mips64-elf/12.1.0/../../../../mips64-elf/lib/libc.a(lib_a-fflush.o) (__sinit)
/n64_toolchain/lib/gcc/mips64-elf/12.1.0/../../../../mips64-elf/lib/libc.a(lib_a-fopen.o)
                              /n64_toolchain/mips64-elf/lib/libdragon.a(debug.o) (fopen)
/n64_toolchain/lib/gcc/mips64-elf/12.1.0/../../../../mips64-elf/lib/libc.a(lib_a-fprintf.o)
                              /n64_toolchain/mips64-elf/lib/libdragon.a(debug.o) (fprintf)
/n64_toolchain/lib/gcc/mips64-elf/12.1.0/../../../../mips64-elf/lib/libc.a(lib_a-fputc.o)
                              /n64_toolchain/mips64-elf/lib/libdragon.a(debug.o) (fputc)
/n64_toolchain/lib/gcc/mips64-elf/12.1.0/../../../../mips64-elf/lib/libc.a(lib_a-freer.o)
                              /n64_toolchain/lib/gcc/mips64-elf/12.1.0/../../../../mips64-elf/lib/libc.a(lib_a-fflush.o) (_free_r)
/n64_toolchain/lib/gcc/mips64-elf/12.1.0/../../../../mips64-elf/lib/libc.a(lib_a-fseek.o)
                              /n64_toolchain/lib/gcc/mips64-elf/12.1.0/../../../../mips64-elf/lib/libc.a(lib_a-fopen.o) (_fseek_r)
/n64_toolchain/lib/gcc/mips64-elf/12.1.0/../../../../mips64-elf/lib/libc.a(lib_a-fseeko.o)
                              /n64_toolchain/lib/gcc/mips64-elf/12.1.0/../../../../mips64-elf/lib/libc.a(lib_a-fseek.o) (_fseeko_r)
[...]
Memory Configuration

Name             Origin             Length             Attributes
mem              0x0000000080000000 0x0000000000400000
*default*        0x0000000000000000 0xffffffffffffffff

Linker script and memory map

LOAD /n64_toolchain/lib/gcc/mips64-elf/12.1.0/crti.o
LOAD /n64_toolchain/lib/gcc/mips64-elf/12.1.0/crtbegin.o
LOAD /n64_toolchain/mips64-elf/lib/libdragon.a
LOAD /n64_toolchain/mips64-elf/lib/libdragonsys.a
LOAD build/main.o
LOAD /n64_toolchain/lib/gcc/mips64-elf/12.1.0/../../../../mips64-elf/lib/libdragon.a
LOAD /n64_toolchain/lib/gcc/mips64-elf/12.1.0/../../../../mips64-elf/lib/libm.a
LOAD /n64_toolchain/lib/gcc/mips64-elf/12.1.0/../../../../mips64-elf/lib/libdragonsys.a
                0x0000000080000000                __kseg0_start = 0x80000000
                0x0000000080000400                __libdragon_text_start = (__kseg0_start + 0x400)

.text           0x0000000080000400    0x11a90
 *(.boot)
 .boot          0x0000000080000400      0x198 /n64_toolchain/mips64-elf/lib/libdragon.a(entrypoint.o)
                0x0000000080000400                _start
                0x00000000800005a0                . = ALIGN (0x10)
 *fill*         0x0000000080000598        0x8 
                0x00000000800005a0                __text_start = .
 *(.text)
 .text          0x00000000800005a0      0x360 /n64_toolchain/mips64-elf/lib/libdragon.a(inthandler.o)
                0x00000000800005a0                inthandler
 .text          0x0000000080000900       0x18 /n64_toolchain/lib/gcc/mips64-elf/12.1.0/../../../../mips64-elf/lib/libc.a(lib_a-abort.o)
                0x0000000080000900                abort
 .text          0x0000000080000918      0x350 /n64_toolchain/lib/gcc/mips64-elf/12.1.0/../../../../mips64-elf/lib/libc.a(lib_a-fflush.o)
                0x0000000080000918                __sflush_r
                0x0000000080000b78                _fflush_r
                0x0000000080000be0                fflush
 .text          0x0000000080000c68      0x3c8 /n64_toolchain/lib/gcc/mips64-elf/12.1.0/../../../../mips64-elf/lib/libc.a(lib_a-findfp.o)
                0x0000000080000c70                _cleanup_r
                0x0000000080000e08                __sfmoreglue
                0x0000000080000e80                __sfp
                0x0000000080000fc0                _cleanup
                0x0000000080000fd0                __sinit
                0x0000000080000ff0                __sfp_lock_acquire
                0x0000000080000ff8                __sfp_lock_release
                0x0000000080001000                __sinit_lock_acquire
                0x0000000080001008                __sinit_lock_release
                0x0000000080001010                __fp_lock_all
                0x0000000080001020                __fp_unlock_all
 .text          0x0000000080001030       0x68 /n64_toolchain/lib/gcc/mips64-elf/12.1.0/../../../../mips64-elf/lib/libc.a(lib_a-fprintf.o)
                0x0000000080001030                _fprintf_r
                0x0000000080001058                fprintf
 .text          0x0000000080001098       0xd0 /n64_toolchain/lib/gcc/mips64-elf/12.1.0/../../../../mips64-elf/lib/libc.a(lib_a-fputc.o)
                0x0000000080001098                _fputc_r
                0x00000000800010f8                fputc
 .text          0x0000000080001168      0x480 /n64_toolchain/lib/gcc/mips64-elf/12.1.0/../../../../mips64-elf/lib/libc.a(lib_a-freer.o)
                0x0000000080001168                _malloc_trim_r
                0x00000000800012a8                _free_r
 .text          0x00000000800015e8       0x58 /n64_toolchain/lib/gcc/mips64-elf/12.1.0/../../../../mips64-elf/lib/libc.a(lib_a-fstatr.o)
                0x00000000800015e8                _fstat_r
 .text          0x0000000080001640      0x170 /n64_toolchain/lib/gcc/mips64-elf/12.1.0/../../../../mips64-elf/lib/libc.a(lib_a-fwalk.o)
                0x0000000080001640                _fwalk
                0x00000000800016f0                _fwalk_reent
 .text          0x00000000800017b0      0x1f8 /n64_toolchain/lib/gcc/mips64-elf/12.1.0/../../../../mips64-elf/lib/libc.a(lib_a-fwrite.o)
                0x00000000800017b0                _fwrite_r
                0x00000000800018b8                fwrite
 .text          0x00000000800019a8      0x268 /n64_toolchain/lib/gcc/mips64-elf/12.1.0/../../../../mips64-elf/lib/libc.a(lib_a-makebuf.o)
                0x00000000800019a8                __smakebuf_r
                0x0000000080001b60                __swhatbuf_r
 .text          0x0000000080001c10       0x18 /n64_toolchain/lib/gcc/mips64-elf/12.1.0/../../../../mips64-elf/lib/libc.a(lib_a-malign.o)
                0x0000000080001c10                memalign
 .text          0x0000000080001c28      0x1f8 /n64_toolchain/lib/gcc/mips64-elf/12.1.0/../../../../mips64-elf/lib/libc.a(lib_a-malignr.o)
                0x0000000080001c28                _memalign_r
 .text          0x0000000080001e20       0x20 /n64_toolchain/lib/gcc/mips64-elf/12.1.0/../../../../mips64-elf/lib/libc.a(lib_a-malloc.o)
                0x0000000080001e20                malloc
                0x0000000080001e30                free
 .text          0x0000000080001e40      0x880 /n64_toolchain/lib/gcc/mips64-elf/12.1.0/../../../../mips64-elf/lib/libc.a(lib_a-mallocr.o)
                0x0000000080001e40                _malloc_r
 .text          0x00000000800026c0      0x370 /n64_toolchain/lib/gcc/mips64-elf/12.1.0/../../../../mips64-elf/lib/libc.a(lib_a-memcpy.o)
                0x00000000800026c0                memcpy
 .text          0x0000000080002a30      0x150 /n64_toolchain/lib/gcc/mips64-elf/12.1.0/../../../../mips64-elf/lib/libc.a(lib_a-memmove.o)
                0x0000000080002a30                memmove
 .text          0x0000000080002b80      0x11c /n64_toolchain/lib/gcc/mips64-elf/12.1.0/../../../../mips64-elf/lib/libc.a(lib_a-memset.o)
                0x0000000080002b80                memset
 *fill*         0x0000000080002c9c        0x4 
 .text          0x0000000080002ca0       0x10 /n64_toolchain/lib/gcc/mips64-elf/12.1.0/../../../../mips64-elf/lib/libc.a(lib_a-mlock.o)
                0x0000000080002ca0                __malloc_lock
                0x0000000080002ca8                __malloc_unlock
 .text          0x0000000080002cb0      0x160 /n64_toolchain/lib/gcc/mips64-elf/12.1.0/../../../../mips64-elf/lib/libc.a(lib_a-putc.o)
                0x0000000080002cb0                _putc_r
                0x0000000080002d58                putc
 .text          0x0000000080002e10       0x50 /n64_toolchain/lib/gcc/mips64-elf/12.1.0/../../../../mips64-elf/lib/libc.a(lib_a-sbrkr.o)
                0x0000000080002e10                _sbrk_r
 .text          0x0000000080002e60      0x270 /n64_toolchain/lib/gcc/mips64-elf/12.1.0/../../../../mips64-elf/lib/libc.a(lib_a-setvbuf.o)
                0x0000000080002e60                setvbuf
 .text          0x00000000800030d0      0x570 /n64_toolchain/lib/gcc/mips64-elf/12.1.0/../../../../mips64-elf/lib/libc.a(lib_a-signal.o)
                0x00000000800030d0                _init_signal_r
                0x0000000080003138                _signal_r
                0x00000000800031d8                _raise_r
                0x0000000080003290                __sigtramp_r
                0x0000000080003380                raise
                0x0000000080003448                signal
                0x00000000800034e8                _init_signal
                0x0000000080003558                __sigtramp
 .text          0x0000000080003640       0x60 /n64_toolchain/lib/gcc/mips64-elf/12.1.0/../../../../mips64-elf/lib/libc.a(lib_a-signalr.o)
                0x0000000080003640                _kill_r
                0x0000000080003698                _getpid_r
 .text          0x00000000800036a0      0x190 /n64_toolchain/lib/gcc/mips64-elf/12.1.0/../../../../mips64-elf/lib/libc.a(lib_a-stdio.o)
                0x00000000800036a0                __sread
                0x00000000800036f8                __seofread
                0x0000000080003700                __swrite
                0x00000000800037c0                __sseek
                0x0000000080003828                __sclose
 .text          0x0000000080003830      0x240 /n64_toolchain/lib/gcc/mips64-elf/12.1.0/../../../../mips64-elf/lib/libc.a(lib_a-strcmp.o)
                0x0000000080003830                strcmp
 .text          0x0000000080003a70       0xa8 /n64_toolchain/lib/gcc/mips64-elf/12.1.0/../../../../mips64-elf/lib/libc.a(lib_a-strcpy.o)
                0x0000000080003a70                strcpy
 .text          0x0000000080003b18       0x18 /n64_toolchain/lib/gcc/mips64-elf/12.1.0/../../../../mips64-elf/lib/libc.a(lib_a-strlen.o)
                0x0000000080003b18                strlen
 .text          0x0000000080003b30     0x22a0 /n64_toolchain/lib/gcc/mips64-elf/12.1.0/../../../../mips64-elf/lib/libc.a(lib_a-vfprintf.o)
                0x0000000080003b30                _vfprintf_r
                0x0000000080005ce8                vfprintf
 .text          0x0000000080005dd0      0x1b8 /n64_toolchain/lib/gcc/mips64-elf/12.1.0/../../../../mips64-elf/lib/libc.a(lib_a-wbuf.o)
                0x0000000080005dd0                __swbuf_r
                0x0000000080005f70                __swbuf
 .text          0x0000000080005f88       0x60 /n64_toolchain/lib/gcc/mips64-elf/12.1.0/../../../../mips64-elf/lib/libc.a(lib_a-writer.o)
                0x0000000080005f88                _write_r
 .text          0x0000000080005fe8      0x180 /n64_toolchain/lib/gcc/mips64-elf/12.1.0/../../../../mips64-elf/lib/libc.a(lib_a-wsetup.o)
                0x0000000080005fe8                __swsetup_r
 .text          0x0000000080006168       0x50 /n64_toolchain/lib/gcc/mips64-elf/12.1.0/../../../../mips64-elf/lib/libc.a(lib_a-closer.o)
                0x0000000080006168                _close_r
 .text          0x00000000800061b8     0x16a8 /n64_toolchain/lib/gcc/mips64-elf/12.1.0/../../../../mips64-elf/lib/libc.a(lib_a-dtoa.o)
                0x0000000080006408                _dtoa_r
 .text          0x0000000080007860      0x150 /n64_toolchain/lib/gcc/mips64-elf/12.1.0/../../../../mips64-elf/lib/libc.a(lib_a-fclose.o)
                0x0000000080007860                _fclose_r
                0x00000000800079a0                fclose
 .text          0x00000000800079b0      0x570 /n64_toolchain/lib/gcc/mips64-elf/12.1.0/../../../../mips64-elf/lib/libc.a(lib_a-fvwrite.o)
                0x00000000800079b0                __sfvwrite_r
 .text          0x0000000080007f20       0x50 /n64_toolchain/lib/gcc/mips64-elf/12.1.0/../../../../mips64-elf/lib/libc.a(lib_a-isattyr.o)
                0x0000000080007f20                _isatty_r
 .text          0x0000000080007f70       0x28 /n64_toolchain/lib/gcc/mips64-elf/12.1.0/../../../../mips64-elf/lib/libc.a(lib_a-localeconv.o)
                0x0000000080007f70                __localeconv_l
                0x0000000080007f78                _localeconv_r
                0x0000000080007f88                localeconv
 .text          0x0000000080007f98       0x60 /n64_toolchain/lib/gcc/mips64-elf/12.1.0/../../../../mips64-elf/lib/libc.a(lib_a-lseekr.o)
                0x0000000080007f98                _lseek_r
 .text          0x0000000080007ff8       0xf0 /n64_toolchain/lib/gcc/mips64-elf/12.1.0/../../../../mips64-elf/lib/libc.a(lib_a-memchr.o)
                0x0000000080007ff8                memchr
 .text          0x00000000800080e8     0x1428 /n64_toolchain/lib/gcc/mips64-elf/12.1.0/../../../../mips64-elf/lib/libc.a(lib_a-mprec.o)
                0x00000000800080e8                _Balloc
                0x0000000080008198                _Bfree
                0x00000000800081c8                __multadd
                0x0000000080008328                __s2b
                0x00000000800084a8                __hi0bits
                0x0000000080008530                __lo0bits
                0x00000000800085f8                __i2b
                0x00000000800086d0                __multiply
                0x0000000080008960                __pow5mult
                0x0000000080008ac8                __lshift
                0x0000000080008c80                __mcmp
                0x0000000080008ce8                __mdiff
                0x0000000080008f60                __ulp
                0x0000000080009010                __b2d
                0x00000000800091a8                __d2b
                0x0000000080009308                __ratio
                0x00000000800093c8                _mprec_log10
                0x0000000080009408                __copybits
                0x0000000080009490                __any_on
 .text          0x0000000080009510       0x60 /n64_toolchain/lib/gcc/mips64-elf/12.1.0/../../../../mips64-elf/lib/libc.a(lib_a-readr.o)
                0x0000000080009510                _read_r
 .text          0x0000000080009570      0x5d0 /n64_toolchain/lib/gcc/mips64-elf/12.1.0/../../../../mips64-elf/lib/libc.a(lib_a-reallocr.o)
                0x0000000080009570                _realloc_r
 .text          0x0000000080009b40     0x1418 /n64_toolchain/lib/gcc/mips64-elf/12.1.0/../../../../mips64-elf/lib/libc.a(lib_a-vfiprintf.o)
                0x0000000080009c78                __sprint_r
                0x0000000080009c98                _vfiprintf_r
                0x000000008000ae70                vfiprintf
 .text          0x000000008000af58      0x120 /n64_toolchain/lib/gcc/mips64-elf/12.1.0/../../../../mips64-elf/lib/libc.a(lib_a-callocr.o)
                0x000000008000af58                _calloc_r
 .text          0x000000008000b078        0x8 /n64_toolchain/lib/gcc/mips64-elf/12.1.0/../../../../mips64-elf/lib/libc.a(lib_a-errno.o)
                0x000000008000b078                __errno
 .text          0x000000008000b080      0x1b8 /n64_toolchain/lib/gcc/mips64-elf/12.1.0/../../../../mips64-elf/lib/libc.a(lib_a-fputwc.o)
                0x000000008000b080                __fputwc
                0x000000008000b198                _fputwc_r
                0x000000008000b1c0                fputwc
 .text          0x000000008000b238      0x120 /n64_toolchain/lib/gcc/mips64-elf/12.1.0/../../../../mips64-elf/lib/libc.a(lib_a-locale.o)
                0x000000008000b238                _setlocale_r
                0x000000008000b2c0                __locale_mb_cur_max
                0x000000008000b2d0                setlocale
 .text          0x000000008000b358       0x70 /n64_toolchain/lib/gcc/mips64-elf/12.1.0/../../../../mips64-elf/lib/libc.a(lib_a-mbtowc_r.o)
                0x000000008000b358                _mbtowc_r
                0x000000008000b368                __ascii_mbtowc
 .text          0x000000008000b3c8      0x118 /n64_toolchain/lib/gcc/mips64-elf/12.1.0/../../../../mips64-elf/lib/libc.a(lib_a-wcrtomb.o)
                0x000000008000b3c8                _wcrtomb_r
                0x000000008000b448                wcrtomb
 .text          0x000000008000b4e0       0x48 /n64_toolchain/lib/gcc/mips64-elf/12.1.0/../../../../mips64-elf/lib/libc.a(lib_a-wctomb_r.o)
                0x000000008000b4e0                _wctomb_r
                0x000000008000b4f0                __ascii_wctomb
 *(.text.*)
 *fill*         0x000000008000b528       0x18 
 .text.__stderr_write
                0x000000008000b540       0x80 /n64_toolchain/mips64-elf/lib/libdragon.a(debug.o)
 .text.usblog_write
                0x000000008000b5c0       0x20 /n64_toolchain/mips64-elf/lib/libdragon.a(debug.o)
 .text.debug_init_usblog
                0x000000008000b5e0       0xe0 /n64_toolchain/mips64-elf/lib/libdragon.a(debug.o)
                0x000000008000b5e0                debug_init_usblog
 .text.debug_assert_func_f
                0x000000008000b6c0      0x180 /n64_toolchain/mips64-elf/lib/libdragon.a(debug.o)
                0x000000008000b6c0                debug_assert_func_f
 .text.debug_assert_func
                0x000000008000b840       0x20 /n64_toolchain/mips64-elf/lib/libdragon.a(debug.o)
                0x000000008000b840                debug_assert_func
 .text.usb_sc64_read
                0x000000008000b860       0x40 /n64_toolchain/mips64-elf/lib/libdragon.a(usb.o)
 .text.usb_64drive_read
                0x000000008000b8a0       0x40 /n64_toolchain/mips64-elf/lib/libdragon.a(usb.o)
 .text.usb_everdrive_read
                0x000000008000b8e0       0x60 /n64_toolchain/mips64-elf/lib/libdragon.a(usb.o)
 .text.usb_sc64_poll
                0x000000008000b940      0x1c0 /n64_toolchain/mips64-elf/lib/libdragon.a(usb.o)
 .text.usb_sc64_write
                0x000000008000bb00      0x300 /n64_toolchain/mips64-elf/lib/libdragon.a(usb.o)
 .text.usb_everdrive_usbbusy
                0x000000008000be00      0x120 /n64_toolchain/mips64-elf/lib/libdragon.a(usb.o)
 .text.usb_everdrive_write
                0x000000008000bf20      0x2e0 /n64_toolchain/mips64-elf/lib/libdragon.a(usb.o)
 .text.usb_everdrive_readusb.constprop.0
                0x000000008000c200      0x100 /n64_toolchain/mips64-elf/lib/libdragon.a(usb.o)
 .text.usb_everdrive_poll
                0x000000008000c300      0x400 /n64_toolchain/mips64-elf/lib/libdragon.a(usb.o)
 .text.usb_initialize
                0x000000008000c700      0x2e0 /n64_toolchain/mips64-elf/lib/libdragon.a(usb.o)
                0x000000008000c700                usb_initialize
 .text.usb_write
                0x000000008000c9e0       0x40 /n64_toolchain/mips64-elf/lib/libdragon.a(usb.o)
                0x000000008000c9e0                usb_write
 .text.usb_64drive_setwritable
                0x000000008000ca20       0xa0 /n64_toolchain/mips64-elf/lib/libdragon.a(usb.o)
                0x000000008000ca20                usb_64drive_setwritable
 .text.usb_64drive_poll
                0x000000008000cac0      0x200 /n64_toolchain/mips64-elf/lib/libdragon.a(usb.o)
 .text.usb_64drive_write
                0x000000008000ccc0      0x220 /n64_toolchain/mips64-elf/lib/libdragon.a(usb.o)
 .text.__console_render.part.0
                0x000000008000cee0      0x100 /n64_toolchain/mips64-elf/lib/libdragon.a(console.o)
 .text.__console_write
                0x000000008000cfe0      0x300 /n64_toolchain/mips64-elf/lib/libdragon.a(console.o)
 .text.console_set_render_mode
                0x000000008000d2e0       0x20 /n64_toolchain/mips64-elf/lib/libdragon.a(console.o)
                0x000000008000d2e0                console_set_render_mode
 .text.console_init
                0x000000008000d300       0xc0 /n64_toolchain/mips64-elf/lib/libdragon.a(console.o)
                0x000000008000d300                console_init
 .text.console_close
                0x000000008000d3c0       0x60 /n64_toolchain/mips64-elf/lib/libdragon.a(console.o)
                0x000000008000d3c0                console_close
 .text.console_render
                0x000000008000d420       0x40 /n64_toolchain/mips64-elf/lib/libdragon.a(console.o)
                0x000000008000d420                console_render
 .text.console_set_debug
                0x000000008000d460       0x20 /n64_toolchain/mips64-elf/lib/libdragon.a(console.o)
                0x000000008000d460                console_set_debug
 .text.graphics_draw_sprite_stride.part.0
                0x000000008000d480      0x260 /n64_toolchain/mips64-elf/lib/libdragon.a(graphics.o)
 .text.graphics_draw_character.part.0
                0x000000008000d6e0      0x2a0 /n64_toolchain/mips64-elf/lib/libdragon.a(graphics.o)
 .text.graphics_set_color
                0x000000008000d980       0x20 /n64_toolchain/mips64-elf/lib/libdragon.a(graphics.o)
                0x000000008000d980                graphics_set_color
 .text.graphics_fill_screen
                0x000000008000d9a0       0x80 /n64_toolchain/mips64-elf/lib/libdragon.a(graphics.o)
                0x000000008000d9a0                graphics_fill_screen
 .text.graphics_set_default_font
                0x000000008000da20       0x60 /n64_toolchain/mips64-elf/lib/libdragon.a(graphics.o)
                0x000000008000da20                graphics_set_default_font
 .text.graphics_draw_character
                0x000000008000da80       0x20 /n64_toolchain/mips64-elf/lib/libdragon.a(graphics.o)
                0x000000008000da80                graphics_draw_character
 .text.graphics_draw_sprite
                0x000000008000daa0       0x40 /n64_toolchain/mips64-elf/lib/libdragon.a(graphics.o)
                0x000000008000daa0                graphics_draw_sprite
 .text.dma_read_raw_async
                0x000000008000dae0       0xa0 /n64_toolchain/mips64-elf/lib/libdragon.a(dma.o)
                0x000000008000dae0                dma_read_raw_async
 .text.dma_write_raw_async
                0x000000008000db80       0xa0 /n64_toolchain/mips64-elf/lib/libdragon.a(dma.o)
                0x000000008000db80                dma_write_raw_async
 .text.dma_read_async
                0x000000008000dc20      0x320 /n64_toolchain/mips64-elf/lib/libdragon.a(dma.o)
                0x000000008000dc20                dma_read_async
 .text.dma_wait
                0x000000008000df40       0x20 /n64_toolchain/mips64-elf/lib/libdragon.a(dma.o)
                0x000000008000df40                dma_wait
 .text.dma_read
                0x000000008000df60       0x40 /n64_toolchain/mips64-elf/lib/libdragon.a(dma.o)
                0x000000008000df60                dma_read
 .text.dma_write
                0x000000008000dfa0       0x60 /n64_toolchain/mips64-elf/lib/libdragon.a(dma.o)
                0x000000008000dfa0                dma_write
 .text.io_read  0x000000008000e000       0x60 /n64_toolchain/mips64-elf/lib/libdragon.a(dma.o)
                0x000000008000e000                io_read
 .text.io_write
                0x000000008000e060       0x60 /n64_toolchain/mips64-elf/lib/libdragon.a(dma.o)
                0x000000008000e060                io_write
 .text.__wrap___do_global_ctors
                0x000000008000e0c0       0xc0 /n64_toolchain/mips64-elf/lib/libdragon.a(do_ctors.o)
                0x000000008000e0c0                __wrap___do_global_ctors
 .text.sys_bbplayer
                0x000000008000e180       0x20 /n64_toolchain/mips64-elf/lib/libdragon.a(n64sys.o)
                0x000000008000e180                sys_bbplayer
 .text.data_cache_hit_writeback
                0x000000008000e1a0       0x60 /n64_toolchain/mips64-elf/lib/libdragon.a(n64sys.o)
                0x000000008000e1a0                data_cache_hit_writeback
 .text.__data_cache_hit_invalidate
                0x000000008000e200       0x60 /n64_toolchain/mips64-elf/lib/libdragon.a(n64sys.o)
                0x000000008000e200                __data_cache_hit_invalidate
 .text.data_cache_hit_writeback_invalidate
                0x000000008000e260       0x60 /n64_toolchain/mips64-elf/lib/libdragon.a(n64sys.o)
                0x000000008000e260                data_cache_hit_writeback_invalidate
 .text.get_memory_size
                0x000000008000e2c0       0x60 /n64_toolchain/mips64-elf/lib/libdragon.a(n64sys.o)
                0x000000008000e2c0                get_memory_size
 .text.get_tv_type
                0x000000008000e320       0x20 /n64_toolchain/mips64-elf/lib/libdragon.a(n64sys.o)
                0x000000008000e320                get_tv_type
 .text.startup.__init_cop1
                0x000000008000e340       0x20 /n64_toolchain/mips64-elf/lib/libdragon.a(n64sys.o)
                0x000000008000e340                __init_cop1
 .text.__MI_handler
                0x000000008000e360      0x220 /n64_toolchain/mips64-elf/lib/libdragon.a(interrupt.o)
                0x000000008000e360                __MI_handler
 .text.__TI_handler
                0x000000008000e580       0x60 /n64_toolchain/mips64-elf/lib/libdragon.a(interrupt.o)
                0x000000008000e580                __TI_handler
 .text.__CART_handler
                0x000000008000e5e0       0xa0 /n64_toolchain/mips64-elf/lib/libdragon.a(interrupt.o)
                0x000000008000e5e0                __CART_handler
 .text.register_VI_handler
                0x000000008000e680       0x60 /n64_toolchain/mips64-elf/lib/libdragon.a(interrupt.o)
                0x000000008000e680                register_VI_handler
 .text.unregister_VI_handler
                0x000000008000e6e0       0x60 /n64_toolchain/mips64-elf/lib/libdragon.a(interrupt.o)
                0x000000008000e6e0                unregister_VI_handler
 .text.register_DP_handler
                0x000000008000e740       0x60 /n64_toolchain/mips64-elf/lib/libdragon.a(interrupt.o)
                0x000000008000e740                register_DP_handler
 .text.register_SI_handler
                0x000000008000e7a0       0x60 /n64_toolchain/mips64-elf/lib/libdragon.a(interrupt.o)
                0x000000008000e7a0                register_SI_handler
 .text.register_TI_handler
                0x000000008000e800       0x60 /n64_toolchain/mips64-elf/lib/libdragon.a(interrupt.o)
                0x000000008000e800                register_TI_handler
 .text.set_VI_interrupt
                0x000000008000e860       0x40 /n64_toolchain/mips64-elf/lib/libdragon.a(interrupt.o)
                0x000000008000e860                set_VI_interrupt
 .text.set_DP_interrupt
                0x000000008000e8a0       0x40 /n64_toolchain/mips64-elf/lib/libdragon.a(interrupt.o)
                0x000000008000e8a0                set_DP_interrupt
 .text.set_SI_interrupt
                0x000000008000e8e0       0x40 /n64_toolchain/mips64-elf/lib/libdragon.a(interrupt.o)
                0x000000008000e8e0                set_SI_interrupt
 .text.set_TI_interrupt
                0x000000008000e920       0x40 /n64_toolchain/mips64-elf/lib/libdragon.a(interrupt.o)
                0x000000008000e920                set_TI_interrupt
 .text.startup.__init_interrupts
                0x000000008000e960       0x40 /n64_toolchain/mips64-elf/lib/libdragon.a(interrupt.o)
                0x000000008000e960                __init_interrupts
 .text.disable_interrupts
                0x000000008000e9a0       0x60 /n64_toolchain/mips64-elf/lib/libdragon.a(interrupt.o)
                0x000000008000e9a0                disable_interrupts
 .text.enable_interrupts
                0x000000008000ea00       0x80 /n64_toolchain/mips64-elf/lib/libdragon.a(interrupt.o)
                0x000000008000ea00                enable_interrupts
 .text.__display_callback
                0x000000008000ea80       0x80 /n64_toolchain/mips64-elf/lib/libdragon.a(display.o)
 .text.display_show.part.0
                0x000000008000eb00       0x40 /n64_toolchain/mips64-elf/lib/libdragon.a(display.o)
 .text.display_init
                0x000000008000eb40      0x4c0 /n64_toolchain/mips64-elf/lib/libdragon.a(display.o)
                0x000000008000eb40                display_init
 .text.display_close
                0x000000008000f000       0xc0 /n64_toolchain/mips64-elf/lib/libdragon.a(display.o)
                0x000000008000f000                display_close
 .text.display_lock
                0x000000008000f0c0       0xa0 /n64_toolchain/mips64-elf/lib/libdragon.a(display.o)
                0x000000008000f0c0                display_lock
 .text.display_show
                0x000000008000f160       0x60 /n64_toolchain/mips64-elf/lib/libdragon.a(display.o)
                0x000000008000f160                display_show
 .text.display_show_force
                0x000000008000f1c0       0x80 /n64_toolchain/mips64-elf/lib/libdragon.a(display.o)
                0x000000008000f1c0                display_show_force
 .text.exception_default_handler
                0x000000008000f240      0x820 /n64_toolchain/mips64-elf/lib/libdragon.a(exception.o)
                0x000000008000f240                exception_default_handler
 .text.__onCriticalException
                0x000000008000fa60       0x60 /n64_toolchain/mips64-elf/lib/libdragon.a(exception.o)
                0x000000008000fa60                __onCriticalException
 .text.__onResetException
                0x000000008000fac0       0x60 /n64_toolchain/mips64-elf/lib/libdragon.a(exception.o)
                0x000000008000fac0                __onResetException
 .text.attach_filesystem
                0x000000008000fb20      0x200 /n64_toolchain/mips64-elf/lib/libdragonsys.a(system.o)
                0x000000008000fb20                attach_filesystem
 .text.close    0x000000008000fd20      0x120 /n64_toolchain/mips64-elf/lib/libdragonsys.a(system.o)
                0x000000008000fd20                close
 .text._exit    0x000000008000fe40       0x20 /n64_toolchain/mips64-elf/lib/libdragonsys.a(system.o)
                0x000000008000fe40                _exit
 .text.fstat    0x000000008000fe60      0x100 /n64_toolchain/mips64-elf/lib/libdragonsys.a(system.o)
                0x000000008000fe60                fstat
 .text.getpid   0x000000008000ff60       0x20 /n64_toolchain/mips64-elf/lib/libdragonsys.a(system.o)
                0x000000008000ff60                getpid
 .text.isatty   0x000000008000ff80       0x40 /n64_toolchain/mips64-elf/lib/libdragonsys.a(system.o)
                0x000000008000ff80                isatty
 .text.kill     0x000000008000ffc0       0x20 /n64_toolchain/mips64-elf/lib/libdragonsys.a(system.o)
                0x000000008000ffc0                kill
 .text.lseek    0x000000008000ffe0      0x100 /n64_toolchain/mips64-elf/lib/libdragonsys.a(system.o)
                0x000000008000ffe0                lseek
 .text.read     0x00000000800100e0      0x140 /n64_toolchain/mips64-elf/lib/libdragonsys.a(system.o)
                0x00000000800100e0                read
 .text.sbrk     0x0000000080010220       0xc0 /n64_toolchain/mips64-elf/lib/libdragonsys.a(system.o)
                0x0000000080010220                sbrk
 .text.write    0x00000000800102e0      0x140 /n64_toolchain/mips64-elf/lib/libdragonsys.a(system.o)
                0x00000000800102e0                write
 .text.hook_stdio_calls
                0x0000000080010420       0x60 /n64_toolchain/mips64-elf/lib/libdragonsys.a(system.o)
                0x0000000080010420                hook_stdio_calls
 .text.unhook_stdio_calls
                0x0000000080010480       0x80 /n64_toolchain/mips64-elf/lib/libdragonsys.a(system.o)
                0x0000000080010480                unhook_stdio_calls
 .text.__assert_func
                0x0000000080010500       0x20 /n64_toolchain/mips64-elf/lib/libdragonsys.a(system.o)
                0x0000000080010500                __assert_func
 .text.startup.main
                0x0000000080010520      0x100 build/main.o
                0x0000000080010520                main
 .text.get_next_token
                0x0000000080010620       0xa0 /n64_toolchain/lib/gcc/mips64-elf/12.1.0/../../../../mips64-elf/lib/libdragon.a(dragonfs.o)
 .text.recurse_path
                0x00000000800106c0      0x3c0 /n64_toolchain/lib/gcc/mips64-elf/12.1.0/../../../../mips64-elf/lib/libdragon.a(dragonfs.o)
 .text.__close  0x0000000080010a80       0x80 /n64_toolchain/lib/gcc/mips64-elf/12.1.0/../../../../mips64-elf/lib/libdragon.a(dragonfs.o)
 .text.__fstat  0x0000000080010b00       0xa0 /n64_toolchain/lib/gcc/mips64-elf/12.1.0/../../../../mips64-elf/lib/libdragon.a(dragonfs.o)
 .text.dfs_dir_findfirst
                0x0000000080010ba0       0xc0 /n64_toolchain/lib/gcc/mips64-elf/12.1.0/../../../../mips64-elf/lib/libdragon.a(dragonfs.o)
                0x0000000080010ba0                dfs_dir_findfirst
 .text.__findfirst
                0x0000000080010c60       0x80 /n64_toolchain/lib/gcc/mips64-elf/12.1.0/../../../../mips64-elf/lib/libdragon.a(dragonfs.o)
 .text.dfs_dir_findnext
                0x0000000080010ce0       0xc0 /n64_toolchain/lib/gcc/mips64-elf/12.1.0/../../../../mips64-elf/lib/libdragon.a(dragonfs.o)
                0x0000000080010ce0                dfs_dir_findnext
 .text.__findnext
                0x0000000080010da0       0x60 /n64_toolchain/lib/gcc/mips64-elf/12.1.0/../../../../mips64-elf/lib/libdragon.a(dragonfs.o)
 .text.dfs_open
                0x0000000080010e00      0x120 /n64_toolchain/lib/gcc/mips64-elf/12.1.0/../../../../mips64-elf/lib/libdragon.a(dragonfs.o)
                0x0000000080010e00                dfs_open
 .text.__open   0x0000000080010f20       0x60 /n64_toolchain/lib/gcc/mips64-elf/12.1.0/../../../../mips64-elf/lib/libdragon.a(dragonfs.o)
 .text.dfs_close
                0x0000000080010f80       0x80 /n64_toolchain/lib/gcc/mips64-elf/12.1.0/../../../../mips64-elf/lib/libdragon.a(dragonfs.o)
                0x0000000080010f80                dfs_close
 .text.dfs_seek
                0x0000000080011000      0x100 /n64_toolchain/lib/gcc/mips64-elf/12.1.0/../../../../mips64-elf/lib/libdragon.a(dragonfs.o)
                0x0000000080011000                dfs_seek
 .text.__lseek  0x0000000080011100       0x80 /n64_toolchain/lib/gcc/mips64-elf/12.1.0/../../../../mips64-elf/lib/libdragon.a(dragonfs.o)
 .text.dfs_read
                0x0000000080011180      0x280 /n64_toolchain/lib/gcc/mips64-elf/12.1.0/../../../../mips64-elf/lib/libdragon.a(dragonfs.o)
                0x0000000080011180                dfs_read
 .text.__read   0x0000000080011400       0x20 /n64_toolchain/lib/gcc/mips64-elf/12.1.0/../../../../mips64-elf/lib/libdragon.a(dragonfs.o)
 .text.dfs_size
                0x0000000080011420       0x60 /n64_toolchain/lib/gcc/mips64-elf/12.1.0/../../../../mips64-elf/lib/libdragon.a(dragonfs.o)
                0x0000000080011420                dfs_size
 .text.dfs_init
                0x0000000080011480      0x1a0 /n64_toolchain/lib/gcc/mips64-elf/12.1.0/../../../../mips64-elf/lib/libdragon.a(dragonfs.o)
                0x0000000080011480                dfs_init
 .text.controller_interrupt_update
                0x0000000080011620       0x80 /n64_toolchain/lib/gcc/mips64-elf/12.1.0/../../../../mips64-elf/lib/libdragon.a(controller.o)
 .text.controller_interrupt
                0x00000000800116a0       0x40 /n64_toolchain/lib/gcc/mips64-elf/12.1.0/../../../../mips64-elf/lib/libdragon.a(controller.o)
 .text.controller_init
                0x00000000800116e0       0xa0 /n64_toolchain/lib/gcc/mips64-elf/12.1.0/../../../../mips64-elf/lib/libdragon.a(controller.o)
                0x00000000800116e0                controller_init
 .text.__rdp_interrupt
                0x0000000080011780       0x20 /n64_toolchain/lib/gcc/mips64-elf/12.1.0/../../../../mips64-elf/lib/libdragon.a(rdp.o)
 .text.rdp_init
                0x00000000800117a0       0x40 /n64_toolchain/lib/gcc/mips64-elf/12.1.0/../../../../mips64-elf/lib/libdragon.a(rdp.o)
                0x00000000800117a0                rdp_init
 .text.timer_overflow_callback
                0x00000000800117e0       0x20 /n64_toolchain/lib/gcc/mips64-elf/12.1.0/../../../../mips64-elf/lib/libdragon.a(timer.o)
 .text.timer_interrupt_callback
                0x0000000080011800      0x1a0 /n64_toolchain/lib/gcc/mips64-elf/12.1.0/../../../../mips64-elf/lib/libdragon.a(timer.o)
 .text.timer_init
                0x00000000800119a0       0xc0 /n64_toolchain/lib/gcc/mips64-elf/12.1.0/../../../../mips64-elf/lib/libdragon.a(timer.o)
                0x00000000800119a0                timer_init
 .text.joybus_msg_send
                0x0000000080011a60       0x80 /n64_toolchain/lib/gcc/mips64-elf/12.1.0/../../../../mips64-elf/lib/libdragon.a(joybus.o)
 .text.si_interrupt
                0x0000000080011ae0      0x1a0 /n64_toolchain/lib/gcc/mips64-elf/12.1.0/../../../../mips64-elf/lib/libdragon.a(joybus.o)
 .text.startup.__joybus_init
                0x0000000080011c80       0x60 /n64_toolchain/lib/gcc/mips64-elf/12.1.0/../../../../mips64-elf/lib/libdragon.a(joybus.o)
                0x0000000080011c80                __joybus_init
 .text.joybus_exec_async
                0x0000000080011ce0      0x1a0 /n64_toolchain/lib/gcc/mips64-elf/12.1.0/../../../../mips64-elf/lib/libdragon.a(joybus.o)
                0x0000000080011ce0                joybus_exec_async
 *(.init)
 .init          0x0000000080011e80        0x8 /n64_toolchain/lib/gcc/mips64-elf/12.1.0/crti.o
                0x0000000080011e80                _init
 *(.fini)
 .fini          0x0000000080011e88        0x8 /n64_toolchain/lib/gcc/mips64-elf/12.1.0/crti.o
                0x0000000080011e88                _fini
 *(.gnu.linkonce.t.*)
                0x0000000080011e90                . = ALIGN (0x10)
                0x0000000080011e90                __text_end = .

.eh_frame_hdr
 *(.eh_frame_hdr)

.eh_frame       0x0000000080011e90        0x4
 *(.eh_frame)
 .eh_frame      0x0000000080011e90        0x0 /n64_toolchain/lib/gcc/mips64-elf/12.1.0/crtbegin.o
 .eh_frame      0x0000000080011e90        0x4 /n64_toolchain/lib/gcc/mips64-elf/12.1.0/crtend.o

.gcc_except_table
 *(.gcc_except_table*)

.jcr
 *(.jcr)

.rodata         0x0000000080011e98     0xd9b0
 *(.rdata)
 *(.rodata)
 .rodata        0x0000000080011e98      0x188 /n64_toolchain/lib/gcc/mips64-elf/12.1.0/../../../../mips64-elf/lib/libc.a(lib_a-vfprintf.o)
 .rodata        0x0000000080012020      0x128 /n64_toolchain/lib/gcc/mips64-elf/12.1.0/../../../../mips64-elf/lib/libc.a(lib_a-mprec.o)
                0x0000000080012030                __mprec_tinytens
                0x0000000080012058                __mprec_bigtens
                0x0000000080012080                __mprec_tens
 .rodata        0x0000000080012148      0x188 /n64_toolchain/lib/gcc/mips64-elf/12.1.0/../../../../mips64-elf/lib/libc.a(lib_a-vfiprintf.o)
 .rodata        0x00000000800122d0      0x288 /n64_toolchain/lib/gcc/mips64-elf/12.1.0/../../../../mips64-elf/lib/libc.a(lib_a-ctype_.o)
                0x00000000800122d0                _ctype_
                0x00000000800123d8                _ctype_b
 *(.rodata.*)
 .rodata.debug_assert_func_f.str1.8
                0x0000000080012558       0x3d /n64_toolchain/mips64-elf/lib/libdragon.a(debug.o)
                                         0x45 (size before relaxing)
 *fill*         0x0000000080012595        0x3 
 .rodata.__font_data_32
                0x0000000080012598     0x8008 /n64_toolchain/mips64-elf/lib/libdragon.a(graphics.o)
 .rodata.__font_data_16
                0x000000008001a5a0     0x4008 /n64_toolchain/mips64-elf/lib/libdragon.a(graphics.o)
 .rodata.dma_read_raw_async.str1.8
                0x000000008001e5a8       0x12 /n64_toolchain/mips64-elf/lib/libdragon.a(dma.o)
 *fill*         0x000000008001e5ba        0x6 
 .rodata.dma_read_async.str1.8
                0x000000008001e5c0       0x17 /n64_toolchain/mips64-elf/lib/libdragon.a(dma.o)
 *fill*         0x000000008001e5d7        0x1 
 .rodata.__func__.0
                0x000000008001e5d8        0xa /n64_toolchain/mips64-elf/lib/libdragon.a(dma.o)
 *fill*         0x000000008001e5e2        0x6 
 .rodata.__func__.1
                0x000000008001e5e8        0xf /n64_toolchain/mips64-elf/lib/libdragon.a(dma.o)
 *fill*         0x000000008001e5f7        0x1 
 .rodata.__func__.2
                0x000000008001e5f8       0x14 /n64_toolchain/mips64-elf/lib/libdragon.a(dma.o)
 *fill*         0x000000008001e60c        0x4 
 .rodata.__func__.3
                0x000000008001e610       0x13 /n64_toolchain/mips64-elf/lib/libdragon.a(dma.o)
 *fill*         0x000000008001e623        0x5 
 .rodata.__do_global_ctors.str1.8
                0x000000008001e628       0xa1 /n64_toolchain/mips64-elf/lib/libdragon.a(do_ctors.o)
 *fill*         0x000000008001e6c9        0x7 
 .rodata.__wrap___do_global_ctors.str1.8
                0x000000008001e6d0       0xbb /n64_toolchain/mips64-elf/lib/libdragon.a(do_ctors.o)
 *fill*         0x000000008001e78b        0x5 
 .rodata.__func__.0
                0x000000008001e790       0x19 /n64_toolchain/mips64-elf/lib/libdragon.a(do_ctors.o)
 *fill*         0x000000008001e7a9        0x7 
 .rodata.__CART_handler.str1.8
                0x000000008001e7b0       0x8a /n64_toolchain/mips64-elf/lib/libdragon.a(interrupt.o)
 *fill*         0x000000008001e83a        0x6 
 .rodata.enable_interrupts.str1.8
                0x000000008001e840       0x3c /n64_toolchain/mips64-elf/lib/libdragon.a(interrupt.o)
 *fill*         0x000000008001e87c        0x4 
 .rodata.__func__.0
                0x000000008001e880       0x12 /n64_toolchain/mips64-elf/lib/libdragon.a(interrupt.o)
 *fill*         0x000000008001e892        0x6 
 .rodata.__func__.1
                0x000000008001e898        0xf /n64_toolchain/mips64-elf/lib/libdragon.a(interrupt.o)
 *fill*         0x000000008001e8a7        0x1 
 .rodata.display_show.part.0.str1.8
                0x000000008001e8a8       0x53 /n64_toolchain/mips64-elf/lib/libdragon.a(display.o)
 *fill*         0x000000008001e8fb        0x5 
 .rodata.display_init.str1.8
                0x000000008001e900       0xac /n64_toolchain/mips64-elf/lib/libdragon.a(display.o)
 .rodata.display_init
                0x000000008001e9ac       0x30 /n64_toolchain/mips64-elf/lib/libdragon.a(display.o)
 *fill*         0x000000008001e9dc        0x4 
 .rodata.__func__.0
                0x000000008001e9e0        0xd /n64_toolchain/mips64-elf/lib/libdragon.a(display.o)
 *fill*         0x000000008001e9ed        0x3 
 .rodata.__func__.1
                0x000000008001e9f0        0xd /n64_toolchain/mips64-elf/lib/libdragon.a(display.o)
 *fill*         0x000000008001e9fd        0x3 
 .rodata.reg_values
                0x000000008001ea00       0x48 /n64_toolchain/mips64-elf/lib/libdragon.a(display.o)
 .rodata.mpal_640p
                0x000000008001ea48       0x38 /n64_toolchain/mips64-elf/lib/libdragon.a(display.o)
 .rodata.pal_640p
                0x000000008001ea80       0x38 /n64_toolchain/mips64-elf/lib/libdragon.a(display.o)
 .rodata.ntsc_640p
                0x000000008001eab8       0x38 /n64_toolchain/mips64-elf/lib/libdragon.a(display.o)
 .rodata.mpal_512p
                0x000000008001eaf0       0x38 /n64_toolchain/mips64-elf/lib/libdragon.a(display.o)
 .rodata.pal_512p
                0x000000008001eb28       0x38 /n64_toolchain/mips64-elf/lib/libdragon.a(display.o)
 .rodata.ntsc_512p
                0x000000008001eb60       0x38 /n64_toolchain/mips64-elf/lib/libdragon.a(display.o)
 .rodata.mpal_512
                0x000000008001eb98       0x38 /n64_toolchain/mips64-elf/lib/libdragon.a(display.o)
 .rodata.pal_512
                0x000000008001ebd0       0x38 /n64_toolchain/mips64-elf/lib/libdragon.a(display.o)
 .rodata.ntsc_512
                0x000000008001ec08       0x38 /n64_toolchain/mips64-elf/lib/libdragon.a(display.o)
 .rodata.mpal_256
                0x000000008001ec40       0x38 /n64_toolchain/mips64-elf/lib/libdragon.a(display.o)
 .rodata.pal_256
                0x000000008001ec78       0x38 /n64_toolchain/mips64-elf/lib/libdragon.a(display.o)
 .rodata.ntsc_256
                0x000000008001ecb0       0x38 /n64_toolchain/mips64-elf/lib/libdragon.a(display.o)
 .rodata.mpal_640
                0x000000008001ece8       0x38 /n64_toolchain/mips64-elf/lib/libdragon.a(display.o)
 .rodata.pal_640
                0x000000008001ed20       0x38 /n64_toolchain/mips64-elf/lib/libdragon.a(display.o)
 .rodata.ntsc_640
                0x000000008001ed58       0x38 /n64_toolchain/mips64-elf/lib/libdragon.a(display.o)
 .rodata.mpal_320
                0x000000008001ed90       0x38 /n64_toolchain/mips64-elf/lib/libdragon.a(display.o)
 .rodata.pal_320
                0x000000008001edc8       0x38 /n64_toolchain/mips64-elf/lib/libdragon.a(display.o)
 .rodata.ntsc_320
                0x000000008001ee00       0x38 /n64_toolchain/mips64-elf/lib/libdragon.a(display.o)
 .rodata.exception_default_handler.str1.8
                0x000000008001ee38      0x447 /n64_toolchain/mips64-elf/lib/libdragon.a(exception.o)
 *fill*         0x000000008001f27f        0x1 
 .rodata.str1.8
                0x000000008001f280      0x17e /n64_toolchain/mips64-elf/lib/libdragon.a(exception.o)
 *fill*         0x000000008001f3fe        0x2 
 .rodata.exceptionMap.0
                0x000000008001f400       0x80 /n64_toolchain/mips64-elf/lib/libdragon.a(exception.o)
 .rodata.main.str1.8
                0x000000008001f480       0x12 build/main.o
 *fill*         0x000000008001f492        0x6 
 .rodata.__open.str1.8
                0x000000008001f498        0x2 /n64_toolchain/lib/gcc/mips64-elf/12.1.0/../../../../mips64-elf/lib/libdragon.a(dragonfs.o)
 *fill*         0x000000008001f49a        0x6 
 .rodata.dfs_read.str1.8
                0x000000008001f4a0       0x3f /n64_toolchain/lib/gcc/mips64-elf/12.1.0/../../../../mips64-elf/lib/libdragon.a(dragonfs.o)
 *fill*         0x000000008001f4df        0x1 
 .rodata.dfs_init.str1.8
                0x000000008001f4e0       0x7e /n64_toolchain/lib/gcc/mips64-elf/12.1.0/../../../../mips64-elf/lib/libdragon.a(dragonfs.o)
                                         0x86 (size before relaxing)
 *fill*         0x000000008001f55e        0x2 
 .rodata.__func__.0
                0x000000008001f560       0x16 /n64_toolchain/lib/gcc/mips64-elf/12.1.0/../../../../mips64-elf/lib/libdragon.a(dragonfs.o)
 *fill*         0x000000008001f576        0x2 
 .rodata.__func__.1
                0x000000008001f578        0x9 /n64_toolchain/lib/gcc/mips64-elf/12.1.0/../../../../mips64-elf/lib/libdragon.a(dragonfs.o)
 *fill*         0x000000008001f581        0x7 
 .rodata.SI_read_con_block.9
                0x000000008001f588       0x40 /n64_toolchain/lib/gcc/mips64-elf/12.1.0/../../../../mips64-elf/lib/libdragon.a(controller.o)
 .rodata.timer_init.str1.8
                0x000000008001f5c8       0x41 /n64_toolchain/lib/gcc/mips64-elf/12.1.0/../../../../mips64-elf/lib/libdragon.a(timer.o)
 *fill*         0x000000008001f609        0x7 
 .rodata.__func__.8
                0x000000008001f610        0xb /n64_toolchain/lib/gcc/mips64-elf/12.1.0/../../../../mips64-elf/lib/libdragon.a(timer.o)
 *fill*         0x000000008001f61b        0x5 
 .rodata.joybus_msg_send.str1.8
                0x000000008001f620       0x55 /n64_toolchain/lib/gcc/mips64-elf/12.1.0/../../../../mips64-elf/lib/libdragon.a(joybus.o)
 *fill*         0x000000008001f675        0x3 
 .rodata.si_interrupt.str1.8
                0x000000008001f678       0x40 /n64_toolchain/lib/gcc/mips64-elf/12.1.0/../../../../mips64-elf/lib/libdragon.a(joybus.o)
 .rodata.joybus_exec_async.str1.8
                0x000000008001f6b8       0x4a /n64_toolchain/lib/gcc/mips64-elf/12.1.0/../../../../mips64-elf/lib/libdragon.a(joybus.o)
 *fill*         0x000000008001f702        0x6 
 .rodata.__func__.1
                0x000000008001f708       0x12 /n64_toolchain/lib/gcc/mips64-elf/12.1.0/../../../../mips64-elf/lib/libdragon.a(joybus.o)
 *fill*         0x000000008001f71a        0x6 
 .rodata.__func__.2
                0x000000008001f720       0x10 /n64_toolchain/lib/gcc/mips64-elf/12.1.0/../../../../mips64-elf/lib/libdragon.a(joybus.o)
 .rodata.__func__.3
                0x000000008001f730       0x10 /n64_toolchain/lib/gcc/mips64-elf/12.1.0/../../../../mips64-elf/lib/libdragon.a(joybus.o)
 .rodata.__func__.4
                0x000000008001f740        0xd /n64_toolchain/lib/gcc/mips64-elf/12.1.0/../../../../mips64-elf/lib/libdragon.a(joybus.o)
 *fill*         0x000000008001f74d        0x3 
 .rodata.str1.8
                0x000000008001f750       0x57 /n64_toolchain/lib/gcc/mips64-elf/12.1.0/../../../../mips64-elf/lib/libc.a(lib_a-vfprintf.o)
                                         0x5a (size before relaxing)
 *fill*         0x000000008001f7a7        0x1 
 .rodata.str1.8
                0x000000008001f7a8       0x58 /n64_toolchain/lib/gcc/mips64-elf/12.1.0/../../../../mips64-elf/lib/libc.a(lib_a-dtoa.o)
                                         0x60 (size before relaxing)
 .rodata.str1.8
                0x000000008001f800       0x29 /n64_toolchain/lib/gcc/mips64-elf/12.1.0/../../../../mips64-elf/lib/libc.a(lib_a-mprec.o)
                                         0x41 (size before relaxing)
 .rodata.str1.8
                0x000000008001f829       0x37 /n64_toolchain/lib/gcc/mips64-elf/12.1.0/../../../../mips64-elf/lib/libc.a(lib_a-vfiprintf.o)
 *fill*         0x000000008001f829        0x7 
 .rodata.str1.8
                0x000000008001f830       0x12 /n64_toolchain/lib/gcc/mips64-elf/12.1.0/../../../../mips64-elf/lib/libc.a(lib_a-locale.o)
                                         0x1a (size before relaxing)
 *(.gnu.linkonce.r.*)
                0x000000008001f848                . = ALIGN (0x8)
 *fill*         0x000000008001f842        0x6 

.MIPS.abiflags  0x000000008001f848       0x18
 .MIPS.abiflags
                0x000000008001f848       0x18 /n64_toolchain/lib/gcc/mips64-elf/12.1.0/crti.o

.rel.dyn        0x000000008001f860        0x0
 .rel.dyn       0x000000008001f860        0x0 /n64_toolchain/mips64-elf/lib/libdragon.a(n64sys.o)
                0x000000008001f860                . = ALIGN (0x4)

.ctors          0x000000008001f860       0x14
                0x000000008001f860                __CTOR_LIST__ = .
 *(.ctors)
 .ctors         0x000000008001f860        0x4 /n64_toolchain/lib/gcc/mips64-elf/12.1.0/crtbegin.o
 .ctors         0x000000008001f864        0x4 /n64_toolchain/mips64-elf/lib/libdragon.a(n64sys.o)
 .ctors         0x000000008001f868        0x4 /n64_toolchain/mips64-elf/lib/libdragon.a(interrupt.o)
 .ctors         0x000000008001f86c        0x4 /n64_toolchain/lib/gcc/mips64-elf/12.1.0/../../../../mips64-elf/lib/libdragon.a(joybus.o)
 .ctors         0x000000008001f870        0x4 /n64_toolchain/lib/gcc/mips64-elf/12.1.0/crtend.o
                0x000000008001f874                __CTOR_END__ = .
                0x000000008001f878                . = ALIGN (0x8)

.data           0x000000008001f878      0x9c8
                0x000000008001f878                __data_start = .
 *(.data)
 .data          0x000000008001f878      0x428 /n64_toolchain/lib/gcc/mips64-elf/12.1.0/../../../../mips64-elf/lib/libc.a(lib_a-impure.o)
 .data          0x000000008001fca0      0x408 /n64_toolchain/lib/gcc/mips64-elf/12.1.0/../../../../mips64-elf/lib/libc.a(lib_a-mallocr.o)
                0x000000008001fca0                __malloc_av_
 .data          0x00000000800200a8      0x16c /n64_toolchain/lib/gcc/mips64-elf/12.1.0/../../../../mips64-elf/lib/libc.a(lib_a-locale.o)
                0x00000000800200a8                __global_locale
 *(.data.*)
 *fill*         0x0000000080020214        0x4 
 .data.dragon_fs
                0x0000000080020218       0x24 /n64_toolchain/lib/gcc/mips64-elf/12.1.0/../../../../mips64-elf/lib/libdragon.a(dragonfs.o)
 *(.gnu.linkonce.d.*)
                0x0000000080020240                . = ALIGN (0x8)
 *fill*         0x000000008002023c        0x4 

.sdata          0x0000000080020240       0xa0
                0x0000000080028240                _gp = (. + 0x8000)
 *(.sdata)
 .sdata         0x0000000080020240        0x8 /n64_toolchain/lib/gcc/mips64-elf/12.1.0/../../../../mips64-elf/lib/libc.a(lib_a-impure.o)
                0x0000000080020240                _global_impure_ptr
                0x0000000080020244                _impure_ptr
 .sdata         0x0000000080020248        0x8 /n64_toolchain/lib/gcc/mips64-elf/12.1.0/../../../../mips64-elf/lib/libc.a(lib_a-mallocr.o)
                0x0000000080020248                __malloc_sbrk_base
                0x000000008002024c                __malloc_trim_threshold
 .sdata         0x0000000080020250        0x8 /n64_toolchain/lib/gcc/mips64-elf/12.1.0/../../../../mips64-elf/lib/libc.a(lib_a-vfprintf.o)
 .sdata         0x0000000080020258       0x48 /n64_toolchain/lib/gcc/mips64-elf/12.1.0/../../../../mips64-elf/lib/libc.a(lib_a-dtoa.o)
 .sdata         0x00000000800202a0       0x10 /n64_toolchain/lib/gcc/mips64-elf/12.1.0/../../../../mips64-elf/lib/libc.a(lib_a-mprec.o)
 *(.sdata.*)
 .sdata.usb_readblock
                0x00000000800202b0        0x4 /n64_toolchain/mips64-elf/lib/libdragon.a(usb.o)
                0x00000000800202b0                usb_readblock
 .sdata.console_redirect_debug
                0x00000000800202b4        0x1 /n64_toolchain/mips64-elf/lib/libdragon.a(console.o)
 *fill*         0x00000000800202b5        0x3 
 .sdata.f_color
                0x00000000800202b8        0x4 /n64_toolchain/mips64-elf/lib/libdragon.a(graphics.o)
 .sdata.__bootcic
                0x00000000800202bc        0x4 /n64_toolchain/mips64-elf/lib/libdragon.a(n64sys.o)
                0x00000000800202bc                __bootcic
 .sdata.__interrupt_depth
                0x00000000800202c0        0x4 /n64_toolchain/mips64-elf/lib/libdragon.a(interrupt.o)
 .sdata.now_drawing
                0x00000000800202c4        0x4 /n64_toolchain/mips64-elf/lib/libdragon.a(display.o)
 .sdata.show_next
                0x00000000800202c8        0x4 /n64_toolchain/mips64-elf/lib/libdragon.a(display.o)
 .sdata.now_showing
                0x00000000800202cc        0x4 /n64_toolchain/mips64-elf/lib/libdragon.a(display.o)
 .sdata.__buffers
                0x00000000800202d0        0x4 /n64_toolchain/mips64-elf/lib/libdragon.a(display.o)
                0x00000000800202d0                __buffers
 .sdata.__exception_handler
                0x00000000800202d4        0x4 /n64_toolchain/mips64-elf/lib/libdragon.a(exception.o)
 .sdata.next_handle.2
                0x00000000800202d8        0x4 /n64_toolchain/lib/gcc/mips64-elf/12.1.0/../../../../mips64-elf/lib/libdragon.a(dragonfs.o)
 .sdata.flush_strategy
                0x00000000800202dc        0x4 /n64_toolchain/lib/gcc/mips64-elf/12.1.0/../../../../mips64-elf/lib/libdragon.a(rdp.o)
 *(.gnu.linkonce.s.*)
                0x00000000800202e0                . = ALIGN (0x8)

.lit8           0x00000000800202e0        0x0
 *(.lit8)
                0x00000000800202e0                . = ALIGN (0x8)

.lit4           0x00000000800202e0        0x0
 *(.lit4)
                0x00000000800202e0                . = ALIGN (0x8)
                0x00000000800202e0                __data_end = .

.sbss           0x00000000800202e0       0xc4
                0x00000000800202e0                __bss_start = .
 *(.sbss)
 .sbss          0x00000000800202e0        0x4 /n64_toolchain/mips64-elf/lib/libdragon.a(inthandler.o)
 .sbss          0x00000000800202e4        0xc /n64_toolchain/lib/gcc/mips64-elf/12.1.0/../../../../mips64-elf/lib/libc.a(lib_a-mallocr.o)
                0x00000000800202e4                __malloc_max_total_mem
                0x00000000800202e8                __malloc_max_sbrked_mem
                0x00000000800202ec                __malloc_top_pad
 *(.sbss.*)
 .sbss.once.0   0x00000000800202f0        0x1 /n64_toolchain/mips64-elf/lib/libdragon.a(debug.o)
 .sbss.ok.1     0x00000000800202f1        0x1 /n64_toolchain/mips64-elf/lib/libdragon.a(debug.o)
 .sbss.once.2   0x00000000800202f2        0x1 /n64_toolchain/mips64-elf/lib/libdragon.a(debug.o)
 *fill*         0x00000000800202f3        0x1 
 .sbss.enabled_features
                0x00000000800202f4        0x4 /n64_toolchain/mips64-elf/lib/libdragon.a(debug.o)
 .sbss.usb_dataleft
                0x00000000800202f8        0x4 /n64_toolchain/mips64-elf/lib/libdragon.a(usb.o)
                0x00000000800202f8                usb_dataleft
 .sbss.usb_datasize
                0x00000000800202fc        0x4 /n64_toolchain/mips64-elf/lib/libdragon.a(usb.o)
                0x00000000800202fc                usb_datasize
 .sbss.usb_datatype
                0x0000000080020300        0x4 /n64_toolchain/mips64-elf/lib/libdragon.a(usb.o)
                0x0000000080020300                usb_datatype
 .sbss.usb_cart
                0x0000000080020304        0x1 /n64_toolchain/mips64-elf/lib/libdragon.a(usb.o)
 *fill*         0x0000000080020305        0x3 
 .sbss.funcPointer_read
                0x0000000080020308        0x4 /n64_toolchain/mips64-elf/lib/libdragon.a(usb.o)
                0x0000000080020308                funcPointer_read
 .sbss.funcPointer_poll
                0x000000008002030c        0x4 /n64_toolchain/mips64-elf/lib/libdragon.a(usb.o)
                0x000000008002030c                funcPointer_poll
 .sbss.funcPointer_write
                0x0000000080020310        0x4 /n64_toolchain/mips64-elf/lib/libdragon.a(usb.o)
                0x0000000080020310                funcPointer_write
 .sbss.dc.0     0x0000000080020314        0x4 /n64_toolchain/mips64-elf/lib/libdragon.a(console.o)
 .sbss.render_now
                0x0000000080020318        0x4 /n64_toolchain/mips64-elf/lib/libdragon.a(console.o)
 .sbss.render_buffer
                0x000000008002031c        0x4 /n64_toolchain/mips64-elf/lib/libdragon.a(console.o)
 .sbss.b_color  0x0000000080020320        0x4 /n64_toolchain/mips64-elf/lib/libdragon.a(graphics.o)
 .sbss.__bbplayer
                0x0000000080020324        0x4 /n64_toolchain/mips64-elf/lib/libdragon.a(n64sys.o)
                0x0000000080020324                __bbplayer
 .sbss.last_cart_interrupt_count
                0x0000000080020328        0x4 /n64_toolchain/mips64-elf/lib/libdragon.a(interrupt.o)
 .sbss.CART_callback
                0x000000008002032c        0x4 /n64_toolchain/mips64-elf/lib/libdragon.a(interrupt.o)
                0x000000008002032c                CART_callback
 .sbss.TI_callback
                0x0000000080020330        0x4 /n64_toolchain/mips64-elf/lib/libdragon.a(interrupt.o)
                0x0000000080020330                TI_callback
 .sbss.SP_callback
                0x0000000080020334        0x4 /n64_toolchain/mips64-elf/lib/libdragon.a(interrupt.o)
                0x0000000080020334                SP_callback
 .sbss.SI_callback
                0x0000000080020338        0x4 /n64_toolchain/mips64-elf/lib/libdragon.a(interrupt.o)
                0x0000000080020338                SI_callback
 .sbss.DP_callback
                0x000000008002033c        0x4 /n64_toolchain/mips64-elf/lib/libdragon.a(interrupt.o)
                0x000000008002033c                DP_callback
 .sbss.PI_callback
                0x0000000080020340        0x4 /n64_toolchain/mips64-elf/lib/libdragon.a(interrupt.o)
                0x0000000080020340                PI_callback
 .sbss.VI_callback
                0x0000000080020344        0x4 /n64_toolchain/mips64-elf/lib/libdragon.a(interrupt.o)
                0x0000000080020344                VI_callback
 .sbss.AI_callback
                0x0000000080020348        0x4 /n64_toolchain/mips64-elf/lib/libdragon.a(interrupt.o)
                0x0000000080020348                AI_callback
 .sbss.interrupt_disabled_tick
                0x000000008002034c        0x4 /n64_toolchain/mips64-elf/lib/libdragon.a(interrupt.o)
                0x000000008002034c                interrupt_disabled_tick
 .sbss.__interrupt_sr
                0x0000000080020350        0x4 /n64_toolchain/mips64-elf/lib/libdragon.a(interrupt.o)
 .sbss.__height
                0x0000000080020354        0x4 /n64_toolchain/mips64-elf/lib/libdragon.a(display.o)
                0x0000000080020354                __height
 .sbss.__width  0x0000000080020358        0x4 /n64_toolchain/mips64-elf/lib/libdragon.a(display.o)
                0x0000000080020358                __width
 .sbss.__bitdepth
                0x000000008002035c        0x4 /n64_toolchain/mips64-elf/lib/libdragon.a(display.o)
                0x000000008002035c                __bitdepth
 .sbss.heap_top.0
                0x0000000080020360        0x4 /n64_toolchain/mips64-elf/lib/libdragonsys.a(system.o)
 .sbss.heap_end.1
                0x0000000080020364        0x4 /n64_toolchain/mips64-elf/lib/libdragonsys.a(system.o)
 .sbss.__assert_func_ptr
                0x0000000080020368        0x4 /n64_toolchain/mips64-elf/lib/libdragonsys.a(system.o)
                0x0000000080020368                __assert_func_ptr
 .sbss.errno    0x000000008002036c        0x4 /n64_toolchain/mips64-elf/lib/libdragonsys.a(system.o)
                0x000000008002036c                errno
 .sbss.disp.0   0x0000000080020370        0x4 build/main.o
 .sbss.next_entry
                0x0000000080020374        0x4 /n64_toolchain/lib/gcc/mips64-elf/12.1.0/../../../../mips64-elf/lib/libdragon.a(dragonfs.o)
 .sbss.directory_top
                0x0000000080020378        0x4 /n64_toolchain/lib/gcc/mips64-elf/12.1.0/../../../../mips64-elf/lib/libdragon.a(dragonfs.o)
 .sbss.base_ptr
                0x000000008002037c        0x4 /n64_toolchain/lib/gcc/mips64-elf/12.1.0/../../../../mips64-elf/lib/libdragon.a(dragonfs.o)
 .sbss.controller_inited
                0x0000000080020380        0x1 /n64_toolchain/lib/gcc/mips64-elf/12.1.0/../../../../mips64-elf/lib/libdragon.a(controller.o)
 .sbss.controller_autoscan_in_progress
                0x0000000080020381        0x1 /n64_toolchain/lib/gcc/mips64-elf/12.1.0/../../../../mips64-elf/lib/libdragon.a(controller.o)
 *fill*         0x0000000080020382        0x2 
 .sbss.wait_intr
                0x0000000080020384        0x4 /n64_toolchain/lib/gcc/mips64-elf/12.1.0/../../../../mips64-elf/lib/libdragon.a(rdp.o)
 .sbss.rdp_end  0x0000000080020388        0x4 /n64_toolchain/lib/gcc/mips64-elf/12.1.0/../../../../mips64-elf/lib/libdragon.a(rdp.o)
 .sbss.rdp_start
                0x000000008002038c        0x4 /n64_toolchain/lib/gcc/mips64-elf/12.1.0/../../../../mips64-elf/lib/libdragon.a(rdp.o)
 .sbss.ticks64_high
                0x0000000080020390        0x4 /n64_toolchain/lib/gcc/mips64-elf/12.1.0/../../../../mips64-elf/lib/libdragon.a(timer.o)
                0x0000000080020390                ticks64_high
 .sbss.TI_timers
                0x0000000080020394        0x4 /n64_toolchain/lib/gcc/mips64-elf/12.1.0/../../../../mips64-elf/lib/libdragon.a(timer.o)
 .sbss.msgs_ridx
                0x0000000080020398        0x4 /n64_toolchain/lib/gcc/mips64-elf/12.1.0/../../../../mips64-elf/lib/libdragon.a(joybus.o)
 .sbss.msgs_widx
                0x000000008002039c        0x4 /n64_toolchain/lib/gcc/mips64-elf/12.1.0/../../../../mips64-elf/lib/libdragon.a(joybus.o)
 .sbss.joybus_state
                0x00000000800203a0        0x4 /n64_toolchain/lib/gcc/mips64-elf/12.1.0/../../../../mips64-elf/lib/libdragon.a(joybus.o)
 *(.gnu.linkonce.sb.*)
 *(.scommon)
 *(.scommon.*)
                0x00000000800203a8                . = ALIGN (0x8)

.bss            0x00000000800203b0     0x1510
 *(.bss)
 .bss           0x00000000800203b0       0x28 /n64_toolchain/lib/gcc/mips64-elf/12.1.0/../../../../mips64-elf/lib/libc.a(lib_a-mallocr.o)
                0x00000000800203b0                __malloc_current_mallinfo
 *(.bss*)
 .bss.debug_writer
                0x00000000800203d8        0xc /n64_toolchain/mips64-elf/lib/libdragon.a(debug.o)
 *fill*         0x00000000800203e4        0xc 
 .bss.usb_buffer
                0x00000000800203f0      0x200 /n64_toolchain/mips64-elf/lib/libdragon.a(usb.o)
 .bss.sprite_font
                0x00000000800205f0        0xc /n64_toolchain/mips64-elf/lib/libdragon.a(graphics.o)
 *fill*         0x00000000800205fc        0x4 
 .bss.__safe_buffer
                0x0000000080020600        0xc /n64_toolchain/mips64-elf/lib/libdragon.a(display.o)
                0x0000000080020600                __safe_buffer
 *fill*         0x000000008002060c        0x4 
 .bss.buffer    0x0000000080020610        0xc /n64_toolchain/mips64-elf/lib/libdragon.a(display.o)
 *fill*         0x000000008002061c        0x4 
 .bss.stdio_hooks
                0x0000000080020620        0xc /n64_toolchain/mips64-elf/lib/libdragonsys.a(system.o)
 *fill*         0x000000008002062c        0x4 
 .bss.handles   0x0000000080020630      0x4b0 /n64_toolchain/mips64-elf/lib/libdragonsys.a(system.o)
 .bss.filesystems
                0x0000000080020ae0       0x50 /n64_toolchain/mips64-elf/lib/libdragonsys.a(system.o)
 .bss.directories
                0x0000000080020b30      0x190 /n64_toolchain/lib/gcc/mips64-elf/12.1.0/../../../../mips64-elf/lib/libdragon.a(dragonfs.o)
 .bss.open_files
                0x0000000080020cc0      0x880 /n64_toolchain/lib/gcc/mips64-elf/12.1.0/../../../../mips64-elf/lib/libdragon.a(dragonfs.o)
 .bss.prev      0x0000000080021540       0x40 /n64_toolchain/lib/gcc/mips64-elf/12.1.0/../../../../mips64-elf/lib/libdragon.a(controller.o)
 .bss.current   0x0000000080021580       0x40 /n64_toolchain/lib/gcc/mips64-elf/12.1.0/../../../../mips64-elf/lib/libdragon.a(controller.o)
 .bss.next      0x00000000800215c0       0x40 /n64_toolchain/lib/gcc/mips64-elf/12.1.0/../../../../mips64-elf/lib/libdragon.a(controller.o)
 .bss.joybus_msgs
                0x0000000080021600      0x280 /n64_toolchain/lib/gcc/mips64-elf/12.1.0/../../../../mips64-elf/lib/libdragon.a(joybus.o)
 .bss.joybus_outbuf
                0x0000000080021880       0x40 /n64_toolchain/lib/gcc/mips64-elf/12.1.0/../../../../mips64-elf/lib/libdragon.a(joybus.o)
 *(.gnu.linkonce.b.*)
 *(COMMON)
                0x00000000800218c0                . = ALIGN (0x8)
                0x00000000800218c0                __bss_end = .
                0x00000000800218c0                . = ALIGN (0x8)
                0x00000000800218c0                end = .
LOAD /n64_toolchain/lib/gcc/mips64-elf/12.1.0/../../../../mips64-elf/lib/libstdc++.a
LOAD /n64_toolchain/lib/gcc/mips64-elf/12.1.0/../../../../mips64-elf/lib/libm.a
LOAD /n64_toolchain/lib/gcc/mips64-elf/12.1.0/../../../../mips64-elf/lib/libc.a
LOAD /n64_toolchain/lib/gcc/mips64-elf/12.1.0/libgcc.a
LOAD /n64_toolchain/lib/gcc/mips64-elf/12.1.0/libgcc.a
LOAD /n64_toolchain/lib/gcc/mips64-elf/12.1.0/crtend.o
LOAD /n64_toolchain/lib/gcc/mips64-elf/12.1.0/crtn.o
OUTPUT(build/bombay.elf elf32-bigmips)

.reginfo        0x0000000000000000       0x18
 .reginfo       0x0000000000000000       0x18 /n64_toolchain/lib/gcc/mips64-elf/12.1.0/crti.o

.pdr            0x0000000000000000        0x0
 .pdr           0x0000000000000000        0x0 /n64_toolchain/lib/gcc/mips64-elf/12.1.0/crti.o
 .pdr           0x0000000000000000        0x0 /n64_toolchain/lib/gcc/mips64-elf/12.1.0/crtbegin.o
 .pdr           0x0000000000000000        0x0 /n64_toolchain/mips64-elf/lib/libdragon.a(inthandler.o)
 .pdr           0x0000000000000000        0x0 /n64_toolchain/lib/gcc/mips64-elf/12.1.0/../../../../mips64-elf/lib/libc.a(lib_a-impure.o)
 .pdr           0x0000000000000000        0x0 /n64_toolchain/lib/gcc/mips64-elf/12.1.0/../../../../mips64-elf/lib/libc.a(lib_a-ctype_.o)
 .pdr           0x0000000000000000        0x0 /n64_toolchain/lib/gcc/mips64-elf/12.1.0/crtend.o

.gnu.attributes
                0x0000000000000000       0x10
 .gnu.attributes
                0x0000000000000000       0x10 /n64_toolchain/lib/gcc/mips64-elf/12.1.0/crti.o
 .gnu.attributes
                0x0000000000000010       0x10 /n64_toolchain/lib/gcc/mips64-elf/12.1.0/crtbegin.o
 .gnu.attributes
                0x0000000000000020       0x10 /n64_toolchain/mips64-elf/lib/libdragon.a(debug.o)
 .gnu.attributes
                0x0000000000000030       0x10 /n64_toolchain/mips64-elf/lib/libdragon.a(usb.o)
 .gnu.attributes
                0x0000000000000040       0x10 /n64_toolchain/mips64-elf/lib/libdragon.a(console.o)
 .gnu.attributes
                0x0000000000000050       0x10 /n64_toolchain/mips64-elf/lib/libdragon.a(graphics.o)
 .gnu.attributes
                0x0000000000000060       0x10 /n64_toolchain/mips64-elf/lib/libdragon.a(dma.o)
 .gnu.attributes
                0x0000000000000070       0x10 /n64_toolchain/mips64-elf/lib/libdragon.a(do_ctors.o)
 .gnu.attributes
                0x0000000000000080       0x10 /n64_toolchain/mips64-elf/lib/libdragon.a(n64sys.o)
 .gnu.attributes
                0x0000000000000090       0x10 /n64_toolchain/mips64-elf/lib/libdragon.a(interrupt.o)
 .gnu.attributes
                0x00000000000000a0       0x10 /n64_toolchain/mips64-elf/lib/libdragon.a(inthandler.o)
 .gnu.attributes
                0x00000000000000b0       0x10 /n64_toolchain/mips64-elf/lib/libdragon.a(display.o)
 .gnu.attributes
                0x00000000000000c0       0x10 /n64_toolchain/mips64-elf/lib/libdragon.a(exception.o)
 .gnu.attributes
                0x00000000000000d0       0x10 /n64_toolchain/mips64-elf/lib/libdragonsys.a(system.o)
 .gnu.attributes
                0x00000000000000e0       0x10 build/main.o
 .gnu.attributes
                0x00000000000000f0       0x10 /n64_toolchain/lib/gcc/mips64-elf/12.1.0/../../../../mips64-elf/lib/libdragon.a(dragonfs.o)
 .gnu.attributes
                0x0000000000000100       0x10 /n64_toolchain/lib/gcc/mips64-elf/12.1.0/../../../../mips64-elf/lib/libdragon.a(controller.o)
 .gnu.attributes
                0x0000000000000110       0x10 /n64_toolchain/lib/gcc/mips64-elf/12.1.0/../../../../mips64-elf/lib/libdragon.a(rdp.o)
 .gnu.attributes
                0x0000000000000120       0x10 /n64_toolchain/lib/gcc/mips64-elf/12.1.0/../../../../mips64-elf/lib/libdragon.a(timer.o)
 .gnu.attributes
                0x0000000000000130       0x10 /n64_toolchain/lib/gcc/mips64-elf/12.1.0/../../../../mips64-elf/lib/libdragon.a(joybus.o)
 .gnu.attributes
                0x0000000000000140       0x10 /n64_toolchain/lib/gcc/mips64-elf/12.1.0/../../../../mips64-elf/lib/libc.a(lib_a-abort.o)
 .gnu.attributes
                0x0000000000000150       0x10 /n64_toolchain/lib/gcc/mips64-elf/12.1.0/../../../../mips64-elf/lib/libc.a(lib_a-fflush.o)
 .gnu.attributes
                0x0000000000000160       0x10 /n64_toolchain/lib/gcc/mips64-elf/12.1.0/../../../../mips64-elf/lib/libc.a(lib_a-findfp.o)
 .gnu.attributes
                0x0000000000000170       0x10 /n64_toolchain/lib/gcc/mips64-elf/12.1.0/../../../../mips64-elf/lib/libc.a(lib_a-fprintf.o)
 .gnu.attributes
                0x0000000000000180       0x10 /n64_toolchain/lib/gcc/mips64-elf/12.1.0/../../../../mips64-elf/lib/libc.a(lib_a-fputc.o)
 .gnu.attributes
                0x0000000000000190       0x10 /n64_toolchain/lib/gcc/mips64-elf/12.1.0/../../../../mips64-elf/lib/libc.a(lib_a-freer.o)
 .gnu.attributes
                0x00000000000001a0       0x10 /n64_toolchain/lib/gcc/mips64-elf/12.1.0/../../../../mips64-elf/lib/libc.a(lib_a-fstatr.o)
 .gnu.attributes
                0x00000000000001b0       0x10 /n64_toolchain/lib/gcc/mips64-elf/12.1.0/../../../../mips64-elf/lib/libc.a(lib_a-fwalk.o)
 .gnu.attributes
                0x00000000000001c0       0x10 /n64_toolchain/lib/gcc/mips64-elf/12.1.0/../../../../mips64-elf/lib/libc.a(lib_a-fwrite.o)
 .gnu.attributes
                0x00000000000001d0       0x10 /n64_toolchain/lib/gcc/mips64-elf/12.1.0/../../../../mips64-elf/lib/libc.a(lib_a-impure.o)
 .gnu.attributes
                0x00000000000001e0       0x10 /n64_toolchain/lib/gcc/mips64-elf/12.1.0/../../../../mips64-elf/lib/libc.a(lib_a-makebuf.o)
 .gnu.attributes
                0x00000000000001f0       0x10 /n64_toolchain/lib/gcc/mips64-elf/12.1.0/../../../../mips64-elf/lib/libc.a(lib_a-malign.o)
 .gnu.attributes
                0x0000000000000200       0x10 /n64_toolchain/lib/gcc/mips64-elf/12.1.0/../../../../mips64-elf/lib/libc.a(lib_a-malignr.o)
 .gnu.attributes
                0x0000000000000210       0x10 /n64_toolchain/lib/gcc/mips64-elf/12.1.0/../../../../mips64-elf/lib/libc.a(lib_a-malloc.o)
 .gnu.attributes
                0x0000000000000220       0x10 /n64_toolchain/lib/gcc/mips64-elf/12.1.0/../../../../mips64-elf/lib/libc.a(lib_a-mallocr.o)
 .gnu.attributes
                0x0000000000000230       0x10 /n64_toolchain/lib/gcc/mips64-elf/12.1.0/../../../../mips64-elf/lib/libc.a(lib_a-memcpy.o)
 .gnu.attributes
                0x0000000000000240       0x10 /n64_toolchain/lib/gcc/mips64-elf/12.1.0/../../../../mips64-elf/lib/libc.a(lib_a-memmove.o)
 .gnu.attributes
                0x0000000000000250       0x10 /n64_toolchain/lib/gcc/mips64-elf/12.1.0/../../../../mips64-elf/lib/libc.a(lib_a-memset.o)
 .gnu.attributes
                0x0000000000000260       0x10 /n64_toolchain/lib/gcc/mips64-elf/12.1.0/../../../../mips64-elf/lib/libc.a(lib_a-mlock.o)
 .gnu.attributes
                0x0000000000000270       0x10 /n64_toolchain/lib/gcc/mips64-elf/12.1.0/../../../../mips64-elf/lib/libc.a(lib_a-putc.o)
 .gnu.attributes
                0x0000000000000280       0x10 /n64_toolchain/lib/gcc/mips64-elf/12.1.0/../../../../mips64-elf/lib/libc.a(lib_a-sbrkr.o)
 .gnu.attributes
                0x0000000000000290       0x10 /n64_toolchain/lib/gcc/mips64-elf/12.1.0/../../../../mips64-elf/lib/libc.a(lib_a-setvbuf.o)
 .gnu.attributes
                0x00000000000002a0       0x10 /n64_toolchain/lib/gcc/mips64-elf/12.1.0/../../../../mips64-elf/lib/libc.a(lib_a-signal.o)
 .gnu.attributes
                0x00000000000002b0       0x10 /n64_toolchain/lib/gcc/mips64-elf/12.1.0/../../../../mips64-elf/lib/libc.a(lib_a-signalr.o)
 .gnu.attributes
                0x00000000000002c0       0x10 /n64_toolchain/lib/gcc/mips64-elf/12.1.0/../../../../mips64-elf/lib/libc.a(lib_a-stdio.o)
 .gnu.attributes
                0x00000000000002d0       0x10 /n64_toolchain/lib/gcc/mips64-elf/12.1.0/../../../../mips64-elf/lib/libc.a(lib_a-strcmp.o)
 .gnu.attributes
                0x00000000000002e0       0x10 /n64_toolchain/lib/gcc/mips64-elf/12.1.0/../../../../mips64-elf/lib/libc.a(lib_a-strcpy.o)
 .gnu.attributes
                0x00000000000002f0       0x10 /n64_toolchain/lib/gcc/mips64-elf/12.1.0/../../../../mips64-elf/lib/libc.a(lib_a-strlen.o)
 .gnu.attributes
                0x0000000000000300       0x10 /n64_toolchain/lib/gcc/mips64-elf/12.1.0/../../../../mips64-elf/lib/libc.a(lib_a-vfprintf.o)
 .gnu.attributes
                0x0000000000000310       0x10 /n64_toolchain/lib/gcc/mips64-elf/12.1.0/../../../../mips64-elf/lib/libc.a(lib_a-wbuf.o)
 .gnu.attributes
                0x0000000000000320       0x10 /n64_toolchain/lib/gcc/mips64-elf/12.1.0/../../../../mips64-elf/lib/libc.a(lib_a-writer.o)
 .gnu.attributes
                0x0000000000000330       0x10 /n64_toolchain/lib/gcc/mips64-elf/12.1.0/../../../../mips64-elf/lib/libc.a(lib_a-wsetup.o)
 .gnu.attributes
                0x0000000000000340       0x10 /n64_toolchain/lib/gcc/mips64-elf/12.1.0/../../../../mips64-elf/lib/libc.a(lib_a-closer.o)
 .gnu.attributes
                0x0000000000000350       0x10 /n64_toolchain/lib/gcc/mips64-elf/12.1.0/../../../../mips64-elf/lib/libc.a(lib_a-dtoa.o)
 .gnu.attributes
                0x0000000000000360       0x10 /n64_toolchain/lib/gcc/mips64-elf/12.1.0/../../../../mips64-elf/lib/libc.a(lib_a-fclose.o)
 .gnu.attributes
                0x0000000000000370       0x10 /n64_toolchain/lib/gcc/mips64-elf/12.1.0/../../../../mips64-elf/lib/libc.a(lib_a-fvwrite.o)
 .gnu.attributes
                0x0000000000000380       0x10 /n64_toolchain/lib/gcc/mips64-elf/12.1.0/../../../../mips64-elf/lib/libc.a(lib_a-isattyr.o)
 .gnu.attributes
                0x0000000000000390       0x10 /n64_toolchain/lib/gcc/mips64-elf/12.1.0/../../../../mips64-elf/lib/libc.a(lib_a-localeconv.o)
 .gnu.attributes
                0x00000000000003a0       0x10 /n64_toolchain/lib/gcc/mips64-elf/12.1.0/../../../../mips64-elf/lib/libc.a(lib_a-lseekr.o)
 .gnu.attributes
                0x00000000000003b0       0x10 /n64_toolchain/lib/gcc/mips64-elf/12.1.0/../../../../mips64-elf/lib/libc.a(lib_a-memchr.o)
 .gnu.attributes
                0x00000000000003c0       0x10 /n64_toolchain/lib/gcc/mips64-elf/12.1.0/../../../../mips64-elf/lib/libc.a(lib_a-mprec.o)
 .gnu.attributes
                0x00000000000003d0       0x10 /n64_toolchain/lib/gcc/mips64-elf/12.1.0/../../../../mips64-elf/lib/libc.a(lib_a-readr.o)
 .gnu.attributes
                0x00000000000003e0       0x10 /n64_toolchain/lib/gcc/mips64-elf/12.1.0/../../../../mips64-elf/lib/libc.a(lib_a-reallocr.o)
 .gnu.attributes
                0x00000000000003f0       0x10 /n64_toolchain/lib/gcc/mips64-elf/12.1.0/../../../../mips64-elf/lib/libc.a(lib_a-vfiprintf.o)
 .gnu.attributes
                0x0000000000000400       0x10 /n64_toolchain/lib/gcc/mips64-elf/12.1.0/../../../../mips64-elf/lib/libc.a(lib_a-callocr.o)
 .gnu.attributes
                0x0000000000000410       0x10 /n64_toolchain/lib/gcc/mips64-elf/12.1.0/../../../../mips64-elf/lib/libc.a(lib_a-errno.o)
 .gnu.attributes
                0x0000000000000420       0x10 /n64_toolchain/lib/gcc/mips64-elf/12.1.0/../../../../mips64-elf/lib/libc.a(lib_a-fputwc.o)
 .gnu.attributes
                0x0000000000000430       0x10 /n64_toolchain/lib/gcc/mips64-elf/12.1.0/../../../../mips64-elf/lib/libc.a(lib_a-locale.o)
 .gnu.attributes
                0x0000000000000440       0x10 /n64_toolchain/lib/gcc/mips64-elf/12.1.0/../../../../mips64-elf/lib/libc.a(lib_a-mbtowc_r.o)
 .gnu.attributes
                0x0000000000000450       0x10 /n64_toolchain/lib/gcc/mips64-elf/12.1.0/../../../../mips64-elf/lib/libc.a(lib_a-wcrtomb.o)
 .gnu.attributes
                0x0000000000000460       0x10 /n64_toolchain/lib/gcc/mips64-elf/12.1.0/../../../../mips64-elf/lib/libc.a(lib_a-wctomb_r.o)
 .gnu.attributes
                0x0000000000000470       0x10 /n64_toolchain/lib/gcc/mips64-elf/12.1.0/../../../../mips64-elf/lib/libc.a(lib_a-ctype_.o)
 .gnu.attributes
                0x0000000000000480       0x10 /n64_toolchain/lib/gcc/mips64-elf/12.1.0/crtend.o

.mdebug.abiO64  0x0000000000000000        0x0
 .mdebug.abiO64
                0x0000000000000000        0x0 /n64_toolchain/lib/gcc/mips64-elf/12.1.0/crtbegin.o
 .mdebug.abiO64
                0x0000000000000000        0x0 /n64_toolchain/mips64-elf/lib/libdragon.a(debug.o)
 .mdebug.abiO64
                0x0000000000000000        0x0 /n64_toolchain/mips64-elf/lib/libdragon.a(usb.o)
 .mdebug.abiO64
                0x0000000000000000        0x0 /n64_toolchain/mips64-elf/lib/libdragon.a(console.o)
 .mdebug.abiO64
                0x0000000000000000        0x0 /n64_toolchain/mips64-elf/lib/libdragon.a(graphics.o)
 .mdebug.abiO64
                0x0000000000000000        0x0 /n64_toolchain/mips64-elf/lib/libdragon.a(dma.o)
 .mdebug.abiO64
                0x0000000000000000        0x0 /n64_toolchain/mips64-elf/lib/libdragon.a(do_ctors.o)
 .mdebug.abiO64
                0x0000000000000000        0x0 /n64_toolchain/mips64-elf/lib/libdragon.a(n64sys.o)
 .mdebug.abiO64
                0x0000000000000000        0x0 /n64_toolchain/mips64-elf/lib/libdragon.a(interrupt.o)
 .mdebug.abiO64
                0x0000000000000000        0x0 /n64_toolchain/mips64-elf/lib/libdragon.a(display.o)
 .mdebug.abiO64
                0x0000000000000000        0x0 /n64_toolchain/mips64-elf/lib/libdragon.a(exception.o)
 .mdebug.abiO64
                0x0000000000000000        0x0 /n64_toolchain/mips64-elf/lib/libdragonsys.a(system.o)
 .mdebug.abiO64
                0x0000000000000000        0x0 build/main.o
 .mdebug.abiO64
                0x0000000000000000        0x0 /n64_toolchain/lib/gcc/mips64-elf/12.1.0/../../../../mips64-elf/lib/libdragon.a(dragonfs.o)
 .mdebug.abiO64
                0x0000000000000000        0x0 /n64_toolchain/lib/gcc/mips64-elf/12.1.0/../../../../mips64-elf/lib/libdragon.a(controller.o)
 .mdebug.abiO64
                0x0000000000000000        0x0 /n64_toolchain/lib/gcc/mips64-elf/12.1.0/../../../../mips64-elf/lib/libdragon.a(rdp.o)
 .mdebug.abiO64
                0x0000000000000000        0x0 /n64_toolchain/lib/gcc/mips64-elf/12.1.0/../../../../mips64-elf/lib/libdragon.a(timer.o)
 .mdebug.abiO64
                0x0000000000000000        0x0 /n64_toolchain/lib/gcc/mips64-elf/12.1.0/../../../../mips64-elf/lib/libdragon.a(joybus.o)
 .mdebug.abiO64
                0x0000000000000000        0x0 /n64_toolchain/lib/gcc/mips64-elf/12.1.0/../../../../mips64-elf/lib/libc.a(lib_a-abort.o)
 .mdebug.abiO64
                0x0000000000000000        0x0 /n64_toolchain/lib/gcc/mips64-elf/12.1.0/../../../../mips64-elf/lib/libc.a(lib_a-fflush.o)
 .mdebug.abiO64
                0x0000000000000000        0x0 /n64_toolchain/lib/gcc/mips64-elf/12.1.0/../../../../mips64-elf/lib/libc.a(lib_a-findfp.o)
 .mdebug.abiO64
                0x0000000000000000        0x0 /n64_toolchain/lib/gcc/mips64-elf/12.1.0/../../../../mips64-elf/lib/libc.a(lib_a-fprintf.o)
 .mdebug.abiO64
                0x0000000000000000        0x0 /n64_toolchain/lib/gcc/mips64-elf/12.1.0/../../../../mips64-elf/lib/libc.a(lib_a-fputc.o)
 .mdebug.abiO64
                0x0000000000000000        0x0 /n64_toolchain/lib/gcc/mips64-elf/12.1.0/../../../../mips64-elf/lib/libc.a(lib_a-freer.o)
 .mdebug.abiO64
                0x0000000000000000        0x0 /n64_toolchain/lib/gcc/mips64-elf/12.1.0/../../../../mips64-elf/lib/libc.a(lib_a-fstatr.o)
 .mdebug.abiO64
                0x0000000000000000        0x0 /n64_toolchain/lib/gcc/mips64-elf/12.1.0/../../../../mips64-elf/lib/libc.a(lib_a-fwalk.o)
 .mdebug.abiO64
                0x0000000000000000        0x0 /n64_toolchain/lib/gcc/mips64-elf/12.1.0/../../../../mips64-elf/lib/libc.a(lib_a-fwrite.o)
 .mdebug.abiO64
                0x0000000000000000        0x0 /n64_toolchain/lib/gcc/mips64-elf/12.1.0/../../../../mips64-elf/lib/libc.a(lib_a-impure.o)
 .mdebug.abiO64
                0x0000000000000000        0x0 /n64_toolchain/lib/gcc/mips64-elf/12.1.0/../../../../mips64-elf/lib/libc.a(lib_a-makebuf.o)
 .mdebug.abiO64
                0x0000000000000000        0x0 /n64_toolchain/lib/gcc/mips64-elf/12.1.0/../../../../mips64-elf/lib/libc.a(lib_a-malign.o)
 .mdebug.abiO64
                0x0000000000000000        0x0 /n64_toolchain/lib/gcc/mips64-elf/12.1.0/../../../../mips64-elf/lib/libc.a(lib_a-malignr.o)
 .mdebug.abiO64
                0x0000000000000000        0x0 /n64_toolchain/lib/gcc/mips64-elf/12.1.0/../../../../mips64-elf/lib/libc.a(lib_a-malloc.o)
 .mdebug.abiO64
                0x0000000000000000        0x0 /n64_toolchain/lib/gcc/mips64-elf/12.1.0/../../../../mips64-elf/lib/libc.a(lib_a-mallocr.o)
 .mdebug.abiO64
                0x0000000000000000        0x0 /n64_toolchain/lib/gcc/mips64-elf/12.1.0/../../../../mips64-elf/lib/libc.a(lib_a-memmove.o)
 .mdebug.abiO64
                0x0000000000000000        0x0 /n64_toolchain/lib/gcc/mips64-elf/12.1.0/../../../../mips64-elf/lib/libc.a(lib_a-mlock.o)
 .mdebug.abiO64
                0x0000000000000000        0x0 /n64_toolchain/lib/gcc/mips64-elf/12.1.0/../../../../mips64-elf/lib/libc.a(lib_a-putc.o)
 .mdebug.abiO64
                0x0000000000000000        0x0 /n64_toolchain/lib/gcc/mips64-elf/12.1.0/../../../../mips64-elf/lib/libc.a(lib_a-sbrkr.o)
 .mdebug.abiO64
                0x0000000000000000        0x0 /n64_toolchain/lib/gcc/mips64-elf/12.1.0/../../../../mips64-elf/lib/libc.a(lib_a-setvbuf.o)
 .mdebug.abiO64
                0x0000000000000000        0x0 /n64_toolchain/lib/gcc/mips64-elf/12.1.0/../../../../mips64-elf/lib/libc.a(lib_a-signal.o)
 .mdebug.abiO64
                0x0000000000000000        0x0 /n64_toolchain/lib/gcc/mips64-elf/12.1.0/../../../../mips64-elf/lib/libc.a(lib_a-signalr.o)
 .mdebug.abiO64
                0x0000000000000000        0x0 /n64_toolchain/lib/gcc/mips64-elf/12.1.0/../../../../mips64-elf/lib/libc.a(lib_a-stdio.o)
 .mdebug.abiO64
                0x0000000000000000        0x0 /n64_toolchain/lib/gcc/mips64-elf/12.1.0/../../../../mips64-elf/lib/libc.a(lib_a-strcpy.o)
 .mdebug.abiO64
                0x0000000000000000        0x0 /n64_toolchain/lib/gcc/mips64-elf/12.1.0/../../../../mips64-elf/lib/libc.a(lib_a-strlen.o)
 .mdebug.abiO64
                0x0000000000000000        0x0 /n64_toolchain/lib/gcc/mips64-elf/12.1.0/../../../../mips64-elf/lib/libc.a(lib_a-vfprintf.o)
 .mdebug.abiO64
                0x0000000000000000        0x0 /n64_toolchain/lib/gcc/mips64-elf/12.1.0/../../../../mips64-elf/lib/libc.a(lib_a-wbuf.o)
 .mdebug.abiO64
                0x0000000000000000        0x0 /n64_toolchain/lib/gcc/mips64-elf/12.1.0/../../../../mips64-elf/lib/libc.a(lib_a-writer.o)
 .mdebug.abiO64
                0x0000000000000000        0x0 /n64_toolchain/lib/gcc/mips64-elf/12.1.0/../../../../mips64-elf/lib/libc.a(lib_a-wsetup.o)
 .mdebug.abiO64
                0x0000000000000000        0x0 /n64_toolchain/lib/gcc/mips64-elf/12.1.0/../../../../mips64-elf/lib/libc.a(lib_a-closer.o)
 .mdebug.abiO64
                0x0000000000000000        0x0 /n64_toolchain/lib/gcc/mips64-elf/12.1.0/../../../../mips64-elf/lib/libc.a(lib_a-dtoa.o)
 .mdebug.abiO64
                0x0000000000000000        0x0 /n64_toolchain/lib/gcc/mips64-elf/12.1.0/../../../../mips64-elf/lib/libc.a(lib_a-fclose.o)
 .mdebug.abiO64
                0x0000000000000000        0x0 /n64_toolchain/lib/gcc/mips64-elf/12.1.0/../../../../mips64-elf/lib/libc.a(lib_a-fvwrite.o)
 .mdebug.abiO64
                0x0000000000000000        0x0 /n64_toolchain/lib/gcc/mips64-elf/12.1.0/../../../../mips64-elf/lib/libc.a(lib_a-isattyr.o)
 .mdebug.abiO64
                0x0000000000000000        0x0 /n64_toolchain/lib/gcc/mips64-elf/12.1.0/../../../../mips64-elf/lib/libc.a(lib_a-localeconv.o)
 .mdebug.abiO64
                0x0000000000000000        0x0 /n64_toolchain/lib/gcc/mips64-elf/12.1.0/../../../../mips64-elf/lib/libc.a(lib_a-lseekr.o)
 .mdebug.abiO64
                0x0000000000000000        0x0 /n64_toolchain/lib/gcc/mips64-elf/12.1.0/../../../../mips64-elf/lib/libc.a(lib_a-memchr.o)
 .mdebug.abiO64
                0x0000000000000000        0x0 /n64_toolchain/lib/gcc/mips64-elf/12.1.0/../../../../mips64-elf/lib/libc.a(lib_a-mprec.o)
 .mdebug.abiO64
                0x0000000000000000        0x0 /n64_toolchain/lib/gcc/mips64-elf/12.1.0/../../../../mips64-elf/lib/libc.a(lib_a-readr.o)
 .mdebug.abiO64
                0x0000000000000000        0x0 /n64_toolchain/lib/gcc/mips64-elf/12.1.0/../../../../mips64-elf/lib/libc.a(lib_a-reallocr.o)
 .mdebug.abiO64
                0x0000000000000000        0x0 /n64_toolchain/lib/gcc/mips64-elf/12.1.0/../../../../mips64-elf/lib/libc.a(lib_a-vfiprintf.o)
 .mdebug.abiO64
                0x0000000000000000        0x0 /n64_toolchain/lib/gcc/mips64-elf/12.1.0/../../../../mips64-elf/lib/libc.a(lib_a-callocr.o)
 .mdebug.abiO64
                0x0000000000000000        0x0 /n64_toolchain/lib/gcc/mips64-elf/12.1.0/../../../../mips64-elf/lib/libc.a(lib_a-errno.o)
 .mdebug.abiO64
                0x0000000000000000        0x0 /n64_toolchain/lib/gcc/mips64-elf/12.1.0/../../../../mips64-elf/lib/libc.a(lib_a-fputwc.o)
 .mdebug.abiO64
                0x0000000000000000        0x0 /n64_toolchain/lib/gcc/mips64-elf/12.1.0/../../../../mips64-elf/lib/libc.a(lib_a-locale.o)
 .mdebug.abiO64
                0x0000000000000000        0x0 /n64_toolchain/lib/gcc/mips64-elf/12.1.0/../../../../mips64-elf/lib/libc.a(lib_a-mbtowc_r.o)
 .mdebug.abiO64
                0x0000000000000000        0x0 /n64_toolchain/lib/gcc/mips64-elf/12.1.0/../../../../mips64-elf/lib/libc.a(lib_a-wcrtomb.o)
 .mdebug.abiO64
                0x0000000000000000        0x0 /n64_toolchain/lib/gcc/mips64-elf/12.1.0/../../../../mips64-elf/lib/libc.a(lib_a-wctomb_r.o)
 .mdebug.abiO64
                0x0000000000000000        0x0 /n64_toolchain/lib/gcc/mips64-elf/12.1.0/../../../../mips64-elf/lib/libc.a(lib_a-ctype_.o)
 .mdebug.abiO64
                0x0000000000000000        0x0 /n64_toolchain/lib/gcc/mips64-elf/12.1.0/crtend.o

.gcc_compiled_long32
                0x0000000000000000        0x0
 .gcc_compiled_long32
                0x0000000000000000        0x0 /n64_toolchain/lib/gcc/mips64-elf/12.1.0/crtbegin.o
 .gcc_compiled_long32
                0x0000000000000000        0x0 /n64_toolchain/mips64-elf/lib/libdragon.a(debug.o)
 .gcc_compiled_long32
                0x0000000000000000        0x0 /n64_toolchain/mips64-elf/lib/libdragon.a(usb.o)
 .gcc_compiled_long32
                0x0000000000000000        0x0 /n64_toolchain/mips64-elf/lib/libdragon.a(console.o)
 .gcc_compiled_long32
                0x0000000000000000        0x0 /n64_toolchain/mips64-elf/lib/libdragon.a(graphics.o)
 .gcc_compiled_long32
                0x0000000000000000        0x0 /n64_toolchain/mips64-elf/lib/libdragon.a(dma.o)
 .gcc_compiled_long32
                0x0000000000000000        0x0 /n64_toolchain/mips64-elf/lib/libdragon.a(do_ctors.o)
 .gcc_compiled_long32
                0x0000000000000000        0x0 /n64_toolchain/mips64-elf/lib/libdragon.a(n64sys.o)
 .gcc_compiled_long32
                0x0000000000000000        0x0 /n64_toolchain/mips64-elf/lib/libdragon.a(interrupt.o)
 .gcc_compiled_long32
                0x0000000000000000        0x0 /n64_toolchain/mips64-elf/lib/libdragon.a(display.o)
 .gcc_compiled_long32
                0x0000000000000000        0x0 /n64_toolchain/mips64-elf/lib/libdragon.a(exception.o)
 .gcc_compiled_long32
                0x0000000000000000        0x0 /n64_toolchain/mips64-elf/lib/libdragonsys.a(system.o)
 .gcc_compiled_long32
                0x0000000000000000        0x0 build/main.o
 .gcc_compiled_long32
                0x0000000000000000        0x0 /n64_toolchain/lib/gcc/mips64-elf/12.1.0/../../../../mips64-elf/lib/libdragon.a(dragonfs.o)
 .gcc_compiled_long32
                0x0000000000000000        0x0 /n64_toolchain/lib/gcc/mips64-elf/12.1.0/../../../../mips64-elf/lib/libdragon.a(controller.o)
 .gcc_compiled_long32
                0x0000000000000000        0x0 /n64_toolchain/lib/gcc/mips64-elf/12.1.0/../../../../mips64-elf/lib/libdragon.a(rdp.o)
 .gcc_compiled_long32
                0x0000000000000000        0x0 /n64_toolchain/lib/gcc/mips64-elf/12.1.0/../../../../mips64-elf/lib/libdragon.a(timer.o)
 .gcc_compiled_long32
                0x0000000000000000        0x0 /n64_toolchain/lib/gcc/mips64-elf/12.1.0/../../../../mips64-elf/lib/libdragon.a(joybus.o)
 .gcc_compiled_long32
                0x0000000000000000        0x0 /n64_toolchain/lib/gcc/mips64-elf/12.1.0/../../../../mips64-elf/lib/libc.a(lib_a-abort.o)
 .gcc_compiled_long32
                0x0000000000000000        0x0 /n64_toolchain/lib/gcc/mips64-elf/12.1.0/../../../../mips64-elf/lib/libc.a(lib_a-fflush.o)
 .gcc_compiled_long32
                0x0000000000000000        0x0 /n64_toolchain/lib/gcc/mips64-elf/12.1.0/../../../../mips64-elf/lib/libc.a(lib_a-findfp.o)
 .gcc_compiled_long32
                0x0000000000000000        0x0 /n64_toolchain/lib/gcc/mips64-elf/12.1.0/../../../../mips64-elf/lib/libc.a(lib_a-fprintf.o)
 .gcc_compiled_long32
                0x0000000000000000        0x0 /n64_toolchain/lib/gcc/mips64-elf/12.1.0/../../../../mips64-elf/lib/libc.a(lib_a-fputc.o)
 .gcc_compiled_long32
                0x0000000000000000        0x0 /n64_toolchain/lib/gcc/mips64-elf/12.1.0/../../../../mips64-elf/lib/libc.a(lib_a-freer.o)
 .gcc_compiled_long32
                0x0000000000000000        0x0 /n64_toolchain/lib/gcc/mips64-elf/12.1.0/../../../../mips64-elf/lib/libc.a(lib_a-fstatr.o)
 .gcc_compiled_long32
                0x0000000000000000        0x0 /n64_toolchain/lib/gcc/mips64-elf/12.1.0/../../../../mips64-elf/lib/libc.a(lib_a-fwalk.o)
 .gcc_compiled_long32
                0x0000000000000000        0x0 /n64_toolchain/lib/gcc/mips64-elf/12.1.0/../../../../mips64-elf/lib/libc.a(lib_a-fwrite.o)
 .gcc_compiled_long32
                0x0000000000000000        0x0 /n64_toolchain/lib/gcc/mips64-elf/12.1.0/../../../../mips64-elf/lib/libc.a(lib_a-impure.o)
 .gcc_compiled_long32
                0x0000000000000000        0x0 /n64_toolchain/lib/gcc/mips64-elf/12.1.0/../../../../mips64-elf/lib/libc.a(lib_a-makebuf.o)
 .gcc_compiled_long32
                0x0000000000000000        0x0 /n64_toolchain/lib/gcc/mips64-elf/12.1.0/../../../../mips64-elf/lib/libc.a(lib_a-malign.o)
 .gcc_compiled_long32
                0x0000000000000000        0x0 /n64_toolchain/lib/gcc/mips64-elf/12.1.0/../../../../mips64-elf/lib/libc.a(lib_a-malignr.o)
 .gcc_compiled_long32
                0x0000000000000000        0x0 /n64_toolchain/lib/gcc/mips64-elf/12.1.0/../../../../mips64-elf/lib/libc.a(lib_a-malloc.o)
 .gcc_compiled_long32
                0x0000000000000000        0x0 /n64_toolchain/lib/gcc/mips64-elf/12.1.0/../../../../mips64-elf/lib/libc.a(lib_a-mallocr.o)
 .gcc_compiled_long32
                0x0000000000000000        0x0 /n64_toolchain/lib/gcc/mips64-elf/12.1.0/../../../../mips64-elf/lib/libc.a(lib_a-memmove.o)
 .gcc_compiled_long32
                0x0000000000000000        0x0 /n64_toolchain/lib/gcc/mips64-elf/12.1.0/../../../../mips64-elf/lib/libc.a(lib_a-mlock.o)
 .gcc_compiled_long32
                0x0000000000000000        0x0 /n64_toolchain/lib/gcc/mips64-elf/12.1.0/../../../../mips64-elf/lib/libc.a(lib_a-putc.o)
 .gcc_compiled_long32
                0x0000000000000000        0x0 /n64_toolchain/lib/gcc/mips64-elf/12.1.0/../../../../mips64-elf/lib/libc.a(lib_a-sbrkr.o)
 .gcc_compiled_long32
                0x0000000000000000        0x0 /n64_toolchain/lib/gcc/mips64-elf/12.1.0/../../../../mips64-elf/lib/libc.a(lib_a-setvbuf.o)
 .gcc_compiled_long32
                0x0000000000000000        0x0 /n64_toolchain/lib/gcc/mips64-elf/12.1.0/../../../../mips64-elf/lib/libc.a(lib_a-signal.o)
 .gcc_compiled_long32
                0x0000000000000000        0x0 /n64_toolchain/lib/gcc/mips64-elf/12.1.0/../../../../mips64-elf/lib/libc.a(lib_a-signalr.o)
 .gcc_compiled_long32
                0x0000000000000000        0x0 /n64_toolchain/lib/gcc/mips64-elf/12.1.0/../../../../mips64-elf/lib/libc.a(lib_a-stdio.o)
 .gcc_compiled_long32
                0x0000000000000000        0x0 /n64_toolchain/lib/gcc/mips64-elf/12.1.0/../../../../mips64-elf/lib/libc.a(lib_a-strcpy.o)
 .gcc_compiled_long32
                0x0000000000000000        0x0 /n64_toolchain/lib/gcc/mips64-elf/12.1.0/../../../../mips64-elf/lib/libc.a(lib_a-strlen.o)
 .gcc_compiled_long32
                0x0000000000000000        0x0 /n64_toolchain/lib/gcc/mips64-elf/12.1.0/../../../../mips64-elf/lib/libc.a(lib_a-vfprintf.o)
 .gcc_compiled_long32
                0x0000000000000000        0x0 /n64_toolchain/lib/gcc/mips64-elf/12.1.0/../../../../mips64-elf/lib/libc.a(lib_a-wbuf.o)
 .gcc_compiled_long32
                0x0000000000000000        0x0 /n64_toolchain/lib/gcc/mips64-elf/12.1.0/../../../../mips64-elf/lib/libc.a(lib_a-writer.o)
 .gcc_compiled_long32
                0x0000000000000000        0x0 /n64_toolchain/lib/gcc/mips64-elf/12.1.0/../../../../mips64-elf/lib/libc.a(lib_a-wsetup.o)
 .gcc_compiled_long32
                0x0000000000000000        0x0 /n64_toolchain/lib/gcc/mips64-elf/12.1.0/../../../../mips64-elf/lib/libc.a(lib_a-closer.o)
 .gcc_compiled_long32
                0x0000000000000000        0x0 /n64_toolchain/lib/gcc/mips64-elf/12.1.0/../../../../mips64-elf/lib/libc.a(lib_a-dtoa.o)
 .gcc_compiled_long32
                0x0000000000000000        0x0 /n64_toolchain/lib/gcc/mips64-elf/12.1.0/../../../../mips64-elf/lib/libc.a(lib_a-fclose.o)
 .gcc_compiled_long32
                0x0000000000000000        0x0 /n64_toolchain/lib/gcc/mips64-elf/12.1.0/../../../../mips64-elf/lib/libc.a(lib_a-fvwrite.o)
 .gcc_compiled_long32
                0x0000000000000000        0x0 /n64_toolchain/lib/gcc/mips64-elf/12.1.0/../../../../mips64-elf/lib/libc.a(lib_a-isattyr.o)
 .gcc_compiled_long32
                0x0000000000000000        0x0 /n64_toolchain/lib/gcc/mips64-elf/12.1.0/../../../../mips64-elf/lib/libc.a(lib_a-localeconv.o)
 .gcc_compiled_long32
                0x0000000000000000        0x0 /n64_toolchain/lib/gcc/mips64-elf/12.1.0/../../../../mips64-elf/lib/libc.a(lib_a-lseekr.o)
 .gcc_compiled_long32